Archive member included to satisfy reference by file (symbol)

d:/program files (x86)/gcc-arm-none-eabi-10-2020-q4-major-win32/tool/bin/../lib/gcc/arm-none-eabi/10.2.1/../../../../arm-none-eabi/lib/thumb/v7e-m+fp/hard\libc_nano.a(lib_a-exit.o)
                              d:/program files (x86)/gcc-arm-none-eabi-10-2020-q4-major-win32/tool/bin/../lib/gcc/arm-none-eabi/10.2.1/../../../../arm-none-eabi/lib/thumb/v7e-m+fp/hard/crt0.o (exit)
d:/program files (x86)/gcc-arm-none-eabi-10-2020-q4-major-win32/tool/bin/../lib/gcc/arm-none-eabi/10.2.1/../../../../arm-none-eabi/lib/thumb/v7e-m+fp/hard\libc_nano.a(lib_a-impure.o)
                              d:/program files (x86)/gcc-arm-none-eabi-10-2020-q4-major-win32/tool/bin/../lib/gcc/arm-none-eabi/10.2.1/../../../../arm-none-eabi/lib/thumb/v7e-m+fp/hard\libc_nano.a(lib_a-exit.o) (_global_impure_ptr)
d:/program files (x86)/gcc-arm-none-eabi-10-2020-q4-major-win32/tool/bin/../lib/gcc/arm-none-eabi/10.2.1/../../../../arm-none-eabi/lib/thumb/v7e-m+fp/hard\libc_nano.a(lib_a-init.o)
                              d:/program files (x86)/gcc-arm-none-eabi-10-2020-q4-major-win32/tool/bin/../lib/gcc/arm-none-eabi/10.2.1/../../../../arm-none-eabi/lib/thumb/v7e-m+fp/hard/crt0.o (__libc_init_array)
d:/program files (x86)/gcc-arm-none-eabi-10-2020-q4-major-win32/tool/bin/../lib/gcc/arm-none-eabi/10.2.1/../../../../arm-none-eabi/lib/thumb/v7e-m+fp/hard\libc_nano.a(lib_a-memset.o)
                              d:/program files (x86)/gcc-arm-none-eabi-10-2020-q4-major-win32/tool/bin/../lib/gcc/arm-none-eabi/10.2.1/../../../../arm-none-eabi/lib/thumb/v7e-m+fp/hard/crt0.o (memset)
d:/program files (x86)/gcc-arm-none-eabi-10-2020-q4-major-win32/tool/bin/../lib/gcc/arm-none-eabi/10.2.1/../../../../arm-none-eabi/lib/thumb/v7e-m+fp/hard\libc_nano.a(lib_a-puts.o)
                              build/main.o (puts)
d:/program files (x86)/gcc-arm-none-eabi-10-2020-q4-major-win32/tool/bin/../lib/gcc/arm-none-eabi/10.2.1/../../../../arm-none-eabi/lib/thumb/v7e-m+fp/hard\libc_nano.a(lib_a-wbuf.o)
                              d:/program files (x86)/gcc-arm-none-eabi-10-2020-q4-major-win32/tool/bin/../lib/gcc/arm-none-eabi/10.2.1/../../../../arm-none-eabi/lib/thumb/v7e-m+fp/hard\libc_nano.a(lib_a-puts.o) (__swbuf_r)
d:/program files (x86)/gcc-arm-none-eabi-10-2020-q4-major-win32/tool/bin/../lib/gcc/arm-none-eabi/10.2.1/../../../../arm-none-eabi/lib/thumb/v7e-m+fp/hard\libc_nano.a(lib_a-wsetup.o)
                              d:/program files (x86)/gcc-arm-none-eabi-10-2020-q4-major-win32/tool/bin/../lib/gcc/arm-none-eabi/10.2.1/../../../../arm-none-eabi/lib/thumb/v7e-m+fp/hard\libc_nano.a(lib_a-puts.o) (__swsetup_r)
d:/program files (x86)/gcc-arm-none-eabi-10-2020-q4-major-win32/tool/bin/../lib/gcc/arm-none-eabi/10.2.1/../../../../arm-none-eabi/lib/thumb/v7e-m+fp/hard\libc_nano.a(lib_a-fflush.o)
                              d:/program files (x86)/gcc-arm-none-eabi-10-2020-q4-major-win32/tool/bin/../lib/gcc/arm-none-eabi/10.2.1/../../../../arm-none-eabi/lib/thumb/v7e-m+fp/hard\libc_nano.a(lib_a-wbuf.o) (_fflush_r)
d:/program files (x86)/gcc-arm-none-eabi-10-2020-q4-major-win32/tool/bin/../lib/gcc/arm-none-eabi/10.2.1/../../../../arm-none-eabi/lib/thumb/v7e-m+fp/hard\libc_nano.a(lib_a-findfp.o)
                              d:/program files (x86)/gcc-arm-none-eabi-10-2020-q4-major-win32/tool/bin/../lib/gcc/arm-none-eabi/10.2.1/../../../../arm-none-eabi/lib/thumb/v7e-m+fp/hard\libc_nano.a(lib_a-puts.o) (__sinit)
d:/program files (x86)/gcc-arm-none-eabi-10-2020-q4-major-win32/tool/bin/../lib/gcc/arm-none-eabi/10.2.1/../../../../arm-none-eabi/lib/thumb/v7e-m+fp/hard\libc_nano.a(lib_a-fwalk.o)
                              d:/program files (x86)/gcc-arm-none-eabi-10-2020-q4-major-win32/tool/bin/../lib/gcc/arm-none-eabi/10.2.1/../../../../arm-none-eabi/lib/thumb/v7e-m+fp/hard\libc_nano.a(lib_a-findfp.o) (_fwalk)
d:/program files (x86)/gcc-arm-none-eabi-10-2020-q4-major-win32/tool/bin/../lib/gcc/arm-none-eabi/10.2.1/../../../../arm-none-eabi/lib/thumb/v7e-m+fp/hard\libc_nano.a(lib_a-lock.o)
                              d:/program files (x86)/gcc-arm-none-eabi-10-2020-q4-major-win32/tool/bin/../lib/gcc/arm-none-eabi/10.2.1/../../../../arm-none-eabi/lib/thumb/v7e-m+fp/hard\libc_nano.a(lib_a-findfp.o) (__retarget_lock_init_recursive)
d:/program files (x86)/gcc-arm-none-eabi-10-2020-q4-major-win32/tool/bin/../lib/gcc/arm-none-eabi/10.2.1/../../../../arm-none-eabi/lib/thumb/v7e-m+fp/hard\libc_nano.a(lib_a-makebuf.o)
                              d:/program files (x86)/gcc-arm-none-eabi-10-2020-q4-major-win32/tool/bin/../lib/gcc/arm-none-eabi/10.2.1/../../../../arm-none-eabi/lib/thumb/v7e-m+fp/hard\libc_nano.a(lib_a-wsetup.o) (__smakebuf_r)
d:/program files (x86)/gcc-arm-none-eabi-10-2020-q4-major-win32/tool/bin/../lib/gcc/arm-none-eabi/10.2.1/../../../../arm-none-eabi/lib/thumb/v7e-m+fp/hard\libc_nano.a(lib_a-nano-freer.o)
[...]
Memory Configuration

Name             Origin             Length             Attributes
RAM              0x20000000         0x00008000         xrw
FLASH            0x08004000         0x00010000         xr
*default*        0x00000000         0xffffffff

Linker script and memory map

LOAD d:/program files (x86)/gcc-arm-none-eabi-10-2020-q4-major-win32/tool/bin/../lib/gcc/arm-none-eabi/10.2.1/thumb/v7e-m+fp/hard/crti.o
LOAD d:/program files (x86)/gcc-arm-none-eabi-10-2020-q4-major-win32/tool/bin/../lib/gcc/arm-none-eabi/10.2.1/thumb/v7e-m+fp/hard/crtbegin.o
LOAD d:/program files (x86)/gcc-arm-none-eabi-10-2020-q4-major-win32/tool/bin/../lib/gcc/arm-none-eabi/10.2.1/../../../../arm-none-eabi/lib/thumb/v7e-m+fp/hard/crt0.o
LOAD build/printf_log.o
LOAD build/main.o
LOAD build/gpio.o
LOAD build/dma.o
LOAD build/tim.o
LOAD build/usart.o
LOAD build/stm32g4xx_it.o
LOAD build/stm32g4xx_hal_msp.o
LOAD build/stm32g4xx_hal_tim.o
LOAD build/stm32g4xx_hal_tim_ex.o
LOAD build/stm32g4xx_hal_pwr_ex.o
LOAD build/stm32g4xx_hal.o
LOAD build/stm32g4xx_hal_rcc.o
LOAD build/stm32g4xx_hal_rcc_ex.o
LOAD build/stm32g4xx_hal_flash.o
LOAD build/stm32g4xx_hal_flash_ex.o
LOAD build/stm32g4xx_hal_flash_ramfunc.o
LOAD build/stm32g4xx_hal_gpio.o
LOAD build/stm32g4xx_hal_exti.o
LOAD build/stm32g4xx_hal_dma.o
LOAD build/stm32g4xx_hal_dma_ex.o
LOAD build/stm32g4xx_hal_pwr.o
LOAD build/stm32g4xx_hal_cortex.o
LOAD build/stm32g4xx_hal_uart.o
LOAD build/stm32g4xx_hal_uart_ex.o
LOAD build/system_stm32g4xx.o
LOAD build/startup_stm32g431xx.o
LOAD d:/program files (x86)/gcc-arm-none-eabi-10-2020-q4-major-win32/tool/bin/../lib/gcc/arm-none-eabi/10.2.1/../../../../arm-none-eabi/lib/thumb/v7e-m+fp/hard\libc_nano.a
LOAD d:/program files (x86)/gcc-arm-none-eabi-10-2020-q4-major-win32/tool/bin/../lib/gcc/arm-none-eabi/10.2.1/../../../../arm-none-eabi/lib/thumb/v7e-m+fp/hard\libm.a
LOAD d:/program files (x86)/gcc-arm-none-eabi-10-2020-q4-major-win32/tool/bin/../lib/gcc/arm-none-eabi/10.2.1/../../../../arm-none-eabi/lib/thumb/v7e-m+fp/hard\libnosys.a
START GROUP
LOAD d:/program files (x86)/gcc-arm-none-eabi-10-2020-q4-major-win32/tool/bin/../lib/gcc/arm-none-eabi/10.2.1/thumb/v7e-m+fp/hard\libgcc.a
LOAD d:/program files (x86)/gcc-arm-none-eabi-10-2020-q4-major-win32/tool/bin/../lib/gcc/arm-none-eabi/10.2.1/../../../../arm-none-eabi/lib/thumb/v7e-m+fp/hard\libc_nano.a
END GROUP
START GROUP
LOAD d:/program files (x86)/gcc-arm-none-eabi-10-2020-q4-major-win32/tool/bin/../lib/gcc/arm-none-eabi/10.2.1/thumb/v7e-m+fp/hard\libgcc.a
LOAD d:/program files (x86)/gcc-arm-none-eabi-10-2020-q4-major-win32/tool/bin/../lib/gcc/arm-none-eabi/10.2.1/../../../../arm-none-eabi/lib/thumb/v7e-m+fp/hard\libc_nano.a
END GROUP
LOAD d:/program files (x86)/gcc-arm-none-eabi-10-2020-q4-major-win32/tool/bin/../lib/gcc/arm-none-eabi/10.2.1/thumb/v7e-m+fp/hard/crtend.o
LOAD d:/program files (x86)/gcc-arm-none-eabi-10-2020-q4-major-win32/tool/bin/../lib/gcc/arm-none-eabi/10.2.1/thumb/v7e-m+fp/hard/crtn.o
                0x20008000                _estack = (ORIGIN (RAM) + LENGTH (RAM))
                0x00000400                _Min_Heap_Size = 0x400
                0x00000800                _Min_Stack_Size = 0x800

.isr_vector     0x08004000      0x1d8
                0x08004000                . = ALIGN (0x4)
 *(.isr_vector)
 .isr_vector    0x08004000      0x1d8 build/startup_stm32g431xx.o
                0x08004000                g_pfnVectors
                0x080041d8                . = ALIGN (0x4)

.text           0x080041d8     0x33c8
                0x080041d8                . = ALIGN (0x4)
 *(.text)
 .text          0x080041d8       0x40 d:/program files (x86)/gcc-arm-none-eabi-10-2020-q4-major-win32/tool/bin/../lib/gcc/arm-none-eabi/10.2.1/thumb/v7e-m+fp/hard/crtbegin.o
 .text          0x08004218       0x30 d:/program files (x86)/gcc-arm-none-eabi-10-2020-q4-major-win32/tool/bin/../lib/gcc/arm-none-eabi/10.2.1/thumb/v7e-m+fp/hard\libgcc.a(_aeabi_uldivmod.o)
                0x08004218                __aeabi_uldivmod
 .text          0x08004248      0x2d0 d:/program files (x86)/gcc-arm-none-eabi-10-2020-q4-major-win32/tool/bin/../lib/gcc/arm-none-eabi/10.2.1/thumb/v7e-m+fp/hard\libgcc.a(_udivmoddi4.o)
                0x08004248                __udivmoddi4
 .text          0x08004518        0x4 d:/program files (x86)/gcc-arm-none-eabi-10-2020-q4-major-win32/tool/bin/../lib/gcc/arm-none-eabi/10.2.1/thumb/v7e-m+fp/hard\libgcc.a(_dvmd_tls.o)
                0x08004518                __aeabi_idiv0
                0x08004518                __aeabi_ldiv0
 *(.text*)
 .text._write   0x0800451c       0x20 build/printf_log.o
                0x0800451c                _write
 .text.User_Printf_Init
                0x0800453c        0x2 build/printf_log.o
                0x0800453c                User_Printf_Init
 .text.Error_Handler
                0x0800453e        0x4 build/main.o
                0x0800453e                Error_Handler
 .text.SystemClock_Config
                0x08004542       0x74 build/main.o
                0x08004542                SystemClock_Config
 *fill*         0x080045b6        0x2 
 .text.main     0x080045b8       0x2c build/main.o
                0x080045b8                main
 .text.MX_GPIO_Init
                0x080045e4       0xb4 build/gpio.o
                0x080045e4                MX_GPIO_Init
 .text.MX_DMA_Init
                0x08004698       0x44 build/dma.o
                0x08004698                MX_DMA_Init
 .text.MX_TIM1_Init
                0x080046dc       0x7c build/tim.o
                0x080046dc                MX_TIM1_Init
 .text.HAL_TIM_Base_MspInit
                0x08004758       0x2c build/tim.o
                0x08004758                HAL_TIM_Base_MspInit
 .text.MX_USART1_UART_Init
                0x08004784       0x68 build/usart.o
                0x08004784                MX_USART1_UART_Init
 .text.HAL_UART_MspInit
                0x080047ec      0x104 build/usart.o
                0x080047ec                HAL_UART_MspInit
 .text.NMI_Handler
                0x080048f0        0x2 build/stm32g4xx_it.o
                0x080048f0                NMI_Handler
 .text.HardFault_Handler
                0x080048f2        0x2 build/stm32g4xx_it.o
                0x080048f2                HardFault_Handler
 .text.MemManage_Handler
                0x080048f4        0x2 build/stm32g4xx_it.o
                0x080048f4                MemManage_Handler
 .text.BusFault_Handler
                0x080048f6        0x2 build/stm32g4xx_it.o
                0x080048f6                BusFault_Handler
 .text.UsageFault_Handler
                0x080048f8        0x2 build/stm32g4xx_it.o
                0x080048f8                UsageFault_Handler
 .text.SVC_Handler
                0x080048fa        0x2 build/stm32g4xx_it.o
                0x080048fa                SVC_Handler
 .text.DebugMon_Handler
                0x080048fc        0x2 build/stm32g4xx_it.o
                0x080048fc                DebugMon_Handler
 .text.PendSV_Handler
                0x080048fe        0x2 build/stm32g4xx_it.o
                0x080048fe                PendSV_Handler
 .text.SysTick_Handler
                0x08004900        0x8 build/stm32g4xx_it.o
                0x08004900                SysTick_Handler
 .text.DMA1_Channel2_IRQHandler
                0x08004908       0x10 build/stm32g4xx_it.o
                0x08004908                DMA1_Channel2_IRQHandler
 .text.USART1_IRQHandler
                0x08004918       0x10 build/stm32g4xx_it.o
                0x08004918                USART1_IRQHandler
 .text.EXTI15_10_IRQHandler
                0x08004928        0xc build/stm32g4xx_it.o
                0x08004928                EXTI15_10_IRQHandler
 .text.HAL_MspInit
                0x08004934       0x38 build/stm32g4xx_hal_msp.o
                0x08004934                HAL_MspInit
 .text.TIM_TI1_ConfigInputStage
                0x0800496c       0x26 build/stm32g4xx_hal_tim.o
 .text.TIM_TI2_ConfigInputStage
                0x08004992       0x28 build/stm32g4xx_hal_tim.o
 .text.TIM_ITRx_SetConfig
                0x080049ba       0x14 build/stm32g4xx_hal_tim.o
 *fill*         0x080049ce        0x2 
 .text.TIM_Base_SetConfig
                0x080049d0       0xb8 build/stm32g4xx_hal_tim.o
                0x080049d0                TIM_Base_SetConfig
 .text.HAL_TIM_Base_Init
                0x08004a88       0x60 build/stm32g4xx_hal_tim.o
                0x08004a88                HAL_TIM_Base_Init
 .text.TIM_ETR_SetConfig
                0x08004ae8       0x1a build/stm32g4xx_hal_tim.o
                0x08004ae8                TIM_ETR_SetConfig
 *fill*         0x08004b02        0x2 
 .text.HAL_TIM_ConfigClockSource
                0x08004b04      0x138 build/stm32g4xx_hal_tim.o
                0x08004b04                HAL_TIM_ConfigClockSource
 .text.HAL_TIMEx_MasterConfigSynchronization
                0x08004c3c       0x94 build/stm32g4xx_hal_tim_ex.o
                0x08004c3c                HAL_TIMEx_MasterConfigSynchronization
 .text.HAL_PWREx_ControlVoltageScaling
                0x08004cd0      0x10c build/stm32g4xx_hal_pwr_ex.o
                0x08004cd0                HAL_PWREx_ControlVoltageScaling
 .text.HAL_PWREx_DisableUCPDDeadBattery
                0x08004ddc       0x10 build/stm32g4xx_hal_pwr_ex.o
                0x08004ddc                HAL_PWREx_DisableUCPDDeadBattery
 .text.HAL_InitTick
                0x08004dec       0x50 build/stm32g4xx_hal.o
                0x08004dec                HAL_InitTick
 .text.HAL_Init
                0x08004e3c       0x1e build/stm32g4xx_hal.o
                0x08004e3c                HAL_Init
 *fill*         0x08004e5a        0x2 
 .text.HAL_IncTick
                0x08004e5c       0x18 build/stm32g4xx_hal.o
                0x08004e5c                HAL_IncTick
 .text.HAL_GetTick
                0x08004e74        0xc build/stm32g4xx_hal.o
                0x08004e74                HAL_GetTick
 .text.RCC_GetSysClockFreqFromPLLSource
                0x08004e80       0x58 build/stm32g4xx_hal_rcc.o
 .text.HAL_RCC_OscConfig
                0x08004ed8      0x4e8 build/stm32g4xx_hal_rcc.o
                0x08004ed8                HAL_RCC_OscConfig
 .text.HAL_RCC_GetSysClockFreq
                0x080053c0       0x88 build/stm32g4xx_hal_rcc.o
                0x080053c0                HAL_RCC_GetSysClockFreq
 .text.HAL_RCC_ClockConfig
                0x08005448      0x1f8 build/stm32g4xx_hal_rcc.o
                0x08005448                HAL_RCC_ClockConfig
 .text.HAL_RCC_GetHCLKFreq
                0x08005640        0xc build/stm32g4xx_hal_rcc.o
                0x08005640                HAL_RCC_GetHCLKFreq
 .text.HAL_RCC_GetPCLK1Freq
                0x0800564c       0x24 build/stm32g4xx_hal_rcc.o
                0x0800564c                HAL_RCC_GetPCLK1Freq
 .text.HAL_RCC_GetPCLK2Freq
                0x08005670       0x24 build/stm32g4xx_hal_rcc.o
                0x08005670                HAL_RCC_GetPCLK2Freq
 .text.HAL_RCCEx_PeriphCLKConfig
                0x08005694      0x2e4 build/stm32g4xx_hal_rcc_ex.o
                0x08005694                HAL_RCCEx_PeriphCLKConfig
 .text.HAL_GPIO_Init
                0x08005978      0x1d4 build/stm32g4xx_hal_gpio.o
                0x08005978                HAL_GPIO_Init
 .text.HAL_GPIO_WritePin
                0x08005b4c        0xa build/stm32g4xx_hal_gpio.o
                0x08005b4c                HAL_GPIO_WritePin
 .text.HAL_GPIO_EXTI_Callback
                0x08005b56        0x2 build/stm32g4xx_hal_gpio.o
                0x08005b56                HAL_GPIO_EXTI_Callback
 .text.HAL_GPIO_EXTI_IRQHandler
                0x08005b58       0x1c build/stm32g4xx_hal_gpio.o
                0x08005b58                HAL_GPIO_EXTI_IRQHandler
 .text.DMA_CalcDMAMUXChannelBaseAndMask
                0x08005b74       0x48 build/stm32g4xx_hal_dma.o
 .text.DMA_CalcDMAMUXRequestGenBaseAndMask
                0x08005bbc       0x28 build/stm32g4xx_hal_dma.o
 .text.HAL_DMA_Init
                0x08005be4       0xd8 build/stm32g4xx_hal_dma.o
                0x08005be4                HAL_DMA_Init
 .text.HAL_DMA_Abort
                0x08005cbc       0x6c build/stm32g4xx_hal_dma.o
                0x08005cbc                HAL_DMA_Abort
 .text.HAL_DMA_Abort_IT
                0x08005d28       0x7e build/stm32g4xx_hal_dma.o
                0x08005d28                HAL_DMA_Abort_IT
 .text.HAL_DMA_IRQHandler
                0x08005da6       0xc4 build/stm32g4xx_hal_dma.o
                0x08005da6                HAL_DMA_IRQHandler
 *fill*         0x08005e6a        0x2 
 .text.HAL_NVIC_SetPriorityGrouping
                0x08005e6c       0x24 build/stm32g4xx_hal_cortex.o
                0x08005e6c                HAL_NVIC_SetPriorityGrouping
 .text.HAL_NVIC_SetPriority
                0x08005e90       0x70 build/stm32g4xx_hal_cortex.o
                0x08005e90                HAL_NVIC_SetPriority
 .text.HAL_NVIC_EnableIRQ
                0x08005f00       0x1c build/stm32g4xx_hal_cortex.o
                0x08005f00                HAL_NVIC_EnableIRQ
 .text.HAL_SYSTICK_Config
                0x08005f1c       0x28 build/stm32g4xx_hal_cortex.o
                0x08005f1c                HAL_SYSTICK_Config
 .text.UART_EndRxTransfer
                0x08005f44       0x56 build/stm32g4xx_hal_uart.o
 .text.HAL_UART_TxCpltCallback
                0x08005f9a        0x2 build/stm32g4xx_hal_uart.o
                0x08005f9a                HAL_UART_TxCpltCallback
 .text.UART_EndTransmit_IT
                0x08005f9c       0x24 build/stm32g4xx_hal_uart.o
 .text.HAL_UART_ErrorCallback
                0x08005fc0        0x2 build/stm32g4xx_hal_uart.o
                0x08005fc0                HAL_UART_ErrorCallback
 .text.UART_DMAAbortOnError
                0x08005fc2       0x14 build/stm32g4xx_hal_uart.o
 .text.HAL_UARTEx_RxEventCallback
                0x08005fd6        0x2 build/stm32g4xx_hal_uart.o
                0x08005fd6                HAL_UARTEx_RxEventCallback
 .text.HAL_UART_IRQHandler
                0x08005fd8      0x334 build/stm32g4xx_hal_uart.o
                0x08005fd8                HAL_UART_IRQHandler
 .text.UART_SetConfig
                0x0800630c      0x344 build/stm32g4xx_hal_uart.o
                0x0800630c                UART_SetConfig
 .text.UART_AdvFeatureConfig
                0x08006650       0xca build/stm32g4xx_hal_uart.o
                0x08006650                UART_AdvFeatureConfig
 .text.UART_WaitOnFlagUntilTimeout
                0x0800671a       0xdc build/stm32g4xx_hal_uart.o
                0x0800671a                UART_WaitOnFlagUntilTimeout
 .text.HAL_UART_Transmit
                0x080067f6       0xde build/stm32g4xx_hal_uart.o
                0x080067f6                HAL_UART_Transmit
 .text.UART_CheckIdleState
                0x080068d4       0x74 build/stm32g4xx_hal_uart.o
                0x080068d4                UART_CheckIdleState
 .text.HAL_UART_Init
                0x08006948       0x66 build/stm32g4xx_hal_uart.o
                0x08006948                HAL_UART_Init
 *fill*         0x080069ae        0x2 
 .text.UARTEx_SetNbDataToProcess
                0x080069b0       0x4c build/stm32g4xx_hal_uart_ex.o
 .text.HAL_UARTEx_WakeupCallback
                0x080069fc        0x2 build/stm32g4xx_hal_uart_ex.o
                0x080069fc                HAL_UARTEx_WakeupCallback
 .text.HAL_UARTEx_RxFifoFullCallback
                0x080069fe        0x2 build/stm32g4xx_hal_uart_ex.o
                0x080069fe                HAL_UARTEx_RxFifoFullCallback
 .text.HAL_UARTEx_TxFifoEmptyCallback
                0x08006a00        0x2 build/stm32g4xx_hal_uart_ex.o
                0x08006a00                HAL_UARTEx_TxFifoEmptyCallback
 .text.HAL_UARTEx_DisableFifoMode
                0x08006a02       0x3e build/stm32g4xx_hal_uart_ex.o
                0x08006a02                HAL_UARTEx_DisableFifoMode
 .text.HAL_UARTEx_SetTxFifoThreshold
                0x08006a40       0x4a build/stm32g4xx_hal_uart_ex.o
                0x08006a40                HAL_UARTEx_SetTxFifoThreshold
 .text.HAL_UARTEx_SetRxFifoThreshold
                0x08006a8a       0x4a build/stm32g4xx_hal_uart_ex.o
                0x08006a8a                HAL_UARTEx_SetRxFifoThreshold
 .text.SystemInit
                0x08006ad4       0x14 build/system_stm32g4xx.o
                0x08006ad4                SystemInit
 .text.Reset_Handler
                0x08006ae8       0x50 build/startup_stm32g431xx.o
                0x08006ae8                Reset_Handler
 .text.Default_Handler
                0x08006b38        0x2 build/startup_stm32g431xx.o
                0x08006b38                RTC_Alarm_IRQHandler
                0x08006b38                EXTI2_IRQHandler
                0x08006b38                TIM8_TRG_COM_IRQHandler
                0x08006b38                TIM8_CC_IRQHandler
                0x08006b38                TIM1_CC_IRQHandler
                0x08006b38                USB_HP_IRQHandler
                0x08006b38                CORDIC_IRQHandler
                0x08006b38                EXTI3_IRQHandler
                0x08006b38                I2C3_ER_IRQHandler
                0x08006b38                EXTI0_IRQHandler
                0x08006b38                I2C2_EV_IRQHandler
                0x08006b38                FPU_IRQHandler
                0x08006b38                FDCAN1_IT1_IRQHandler
                0x08006b38                TIM1_UP_TIM16_IRQHandler
                0x08006b38                ADC1_2_IRQHandler
                0x08006b38                SPI1_IRQHandler
                0x08006b38                TIM6_DAC_IRQHandler
                0x08006b38                TIM8_UP_IRQHandler
                0x08006b38                DMA2_Channel2_IRQHandler
                0x08006b38                DMA1_Channel4_IRQHandler
                0x08006b38                USART3_IRQHandler
                0x08006b38                TIM4_IRQHandler
                0x08006b38                DMA2_Channel1_IRQHandler
                0x08006b38                I2C1_EV_IRQHandler
                0x08006b38                DMA1_Channel6_IRQHandler
                0x08006b38                UART4_IRQHandler
                0x08006b38                DMA2_Channel4_IRQHandler
                0x08006b38                TIM3_IRQHandler
                0x08006b38                RCC_IRQHandler
                0x08006b38                DMA1_Channel1_IRQHandler
                0x08006b38                Default_Handler
                0x08006b38                RTC_TAMP_LSECSS_IRQHandler
                0x08006b38                FMAC_IRQHandler
                0x08006b38                TIM7_IRQHandler
                0x08006b38                UCPD1_IRQHandler
                0x08006b38                I2C3_EV_IRQHandler
                0x08006b38                EXTI9_5_IRQHandler
                0x08006b38                RTC_WKUP_IRQHandler
                0x08006b38                PVD_PVM_IRQHandler
                0x08006b38                SPI2_IRQHandler
                0x08006b38                DMA2_Channel5_IRQHandler
                0x08006b38                CRS_IRQHandler
                0x08006b38                DMA1_Channel5_IRQHandler
                0x08006b38                USB_LP_IRQHandler
                0x08006b38                EXTI4_IRQHandler
                0x08006b38                RNG_IRQHandler
                0x08006b38                TIM1_TRG_COM_TIM17_IRQHandler
                0x08006b38                DMA1_Channel3_IRQHandler
                0x08006b38                WWDG_IRQHandler
                0x08006b38                LPUART1_IRQHandler
                0x08006b38                DMA2_Channel6_IRQHandler
                0x08006b38                FDCAN1_IT0_IRQHandler
                0x08006b38                TIM2_IRQHandler
                0x08006b38                COMP1_2_3_IRQHandler
                0x08006b38                EXTI1_IRQHandler
                0x08006b38                USART2_IRQHandler
                0x08006b38                I2C2_ER_IRQHandler
                0x08006b38                TIM8_BRK_IRQHandler
                0x08006b38                FLASH_IRQHandler
                0x08006b38                SPI3_IRQHandler
                0x08006b38                I2C1_ER_IRQHandler
                0x08006b38                LPTIM1_IRQHandler
                0x08006b38                DMAMUX_OVR_IRQHandler
                0x08006b38                USBWakeUp_IRQHandler
                0x08006b38                SAI1_IRQHandler
                0x08006b38                DMA2_Channel3_IRQHandler
                0x08006b38                COMP4_IRQHandler
                0x08006b38                TIM1_BRK_TIM15_IRQHandler
 *fill*         0x08006b3a        0x2 
 .text.__libc_init_array
                0x08006b3c       0x48 d:/program files (x86)/gcc-arm-none-eabi-10-2020-q4-major-win32/tool/bin/../lib/gcc/arm-none-eabi/10.2.1/../../../../arm-none-eabi/lib/thumb/v7e-m+fp/hard\libc_nano.a(lib_a-init.o)
                0x08006b3c                __libc_init_array
 .text.memset   0x08006b84       0x10 d:/program files (x86)/gcc-arm-none-eabi-10-2020-q4-major-win32/tool/bin/../lib/gcc/arm-none-eabi/10.2.1/../../../../arm-none-eabi/lib/thumb/v7e-m+fp/hard\libc_nano.a(lib_a-memset.o)
                0x08006b84                memset
 .text._puts_r  0x08006b94       0xdc d:/program files (x86)/gcc-arm-none-eabi-10-2020-q4-major-win32/tool/bin/../lib/gcc/arm-none-eabi/10.2.1/../../../../arm-none-eabi/lib/thumb/v7e-m+fp/hard\libc_nano.a(lib_a-puts.o)
                0x08006b94                _puts_r
 .text.puts     0x08006c70       0x10 d:/program files (x86)/gcc-arm-none-eabi-10-2020-q4-major-win32/tool/bin/../lib/gcc/arm-none-eabi/10.2.1/../../../../arm-none-eabi/lib/thumb/v7e-m+fp/hard\libc_nano.a(lib_a-puts.o)
                0x08006c70                puts
 .text.__swbuf_r
                0x08006c80       0xa4 d:/program files (x86)/gcc-arm-none-eabi-10-2020-q4-major-win32/tool/bin/../lib/gcc/arm-none-eabi/10.2.1/../../../../arm-none-eabi/lib/thumb/v7e-m+fp/hard\libc_nano.a(lib_a-wbuf.o)
                0x08006c80                __swbuf_r
 .text.__swsetup_r
                0x08006d24       0xdc d:/program files (x86)/gcc-arm-none-eabi-10-2020-q4-major-win32/tool/bin/../lib/gcc/arm-none-eabi/10.2.1/../../../../arm-none-eabi/lib/thumb/v7e-m+fp/hard\libc_nano.a(lib_a-wsetup.o)
                0x08006d24                __swsetup_r
 .text.__sflush_r
                0x08006e00      0x10c d:/program files (x86)/gcc-arm-none-eabi-10-2020-q4-major-win32/tool/bin/../lib/gcc/arm-none-eabi/10.2.1/../../../../arm-none-eabi/lib/thumb/v7e-m+fp/hard\libc_nano.a(lib_a-fflush.o)
                0x08006e00                __sflush_r
 .text._fflush_r
                0x08006f0c       0x78 d:/program files (x86)/gcc-arm-none-eabi-10-2020-q4-major-win32/tool/bin/../lib/gcc/arm-none-eabi/10.2.1/../../../../arm-none-eabi/lib/thumb/v7e-m+fp/hard\libc_nano.a(lib_a-fflush.o)
                0x08006f0c                _fflush_r
 .text.std      0x08006f84       0x48 d:/program files (x86)/gcc-arm-none-eabi-10-2020-q4-major-win32/tool/bin/../lib/gcc/arm-none-eabi/10.2.1/../../../../arm-none-eabi/lib/thumb/v7e-m+fp/hard\libc_nano.a(lib_a-findfp.o)
 .text._cleanup_r
                0x08006fcc        0xc d:/program files (x86)/gcc-arm-none-eabi-10-2020-q4-major-win32/tool/bin/../lib/gcc/arm-none-eabi/10.2.1/../../../../arm-none-eabi/lib/thumb/v7e-m+fp/hard\libc_nano.a(lib_a-findfp.o)
                0x08006fcc                _cleanup_r
 .text.__sfmoreglue
                0x08006fd8       0x2c d:/program files (x86)/gcc-arm-none-eabi-10-2020-q4-major-win32/tool/bin/../lib/gcc/arm-none-eabi/10.2.1/../../../../arm-none-eabi/lib/thumb/v7e-m+fp/hard\libc_nano.a(lib_a-findfp.o)
                0x08006fd8                __sfmoreglue
 .text.__sfp_lock_acquire
                0x08007004        0xc d:/program files (x86)/gcc-arm-none-eabi-10-2020-q4-major-win32/tool/bin/../lib/gcc/arm-none-eabi/10.2.1/../../../../arm-none-eabi/lib/thumb/v7e-m+fp/hard\libc_nano.a(lib_a-findfp.o)
                0x08007004                __sfp_lock_acquire
 .text.__sfp_lock_release
                0x08007010        0xc d:/program files (x86)/gcc-arm-none-eabi-10-2020-q4-major-win32/tool/bin/../lib/gcc/arm-none-eabi/10.2.1/../../../../arm-none-eabi/lib/thumb/v7e-m+fp/hard\libc_nano.a(lib_a-findfp.o)
                0x08007010                __sfp_lock_release
 .text.__sinit_lock_acquire
                0x0800701c        0xc d:/program files (x86)/gcc-arm-none-eabi-10-2020-q4-major-win32/tool/bin/../lib/gcc/arm-none-eabi/10.2.1/../../../../arm-none-eabi/lib/thumb/v7e-m+fp/hard\libc_nano.a(lib_a-findfp.o)
                0x0800701c                __sinit_lock_acquire
 .text.__sinit_lock_release
                0x08007028        0xc d:/program files (x86)/gcc-arm-none-eabi-10-2020-q4-major-win32/tool/bin/../lib/gcc/arm-none-eabi/10.2.1/../../../../arm-none-eabi/lib/thumb/v7e-m+fp/hard\libc_nano.a(lib_a-findfp.o)
                0x08007028                __sinit_lock_release
 .text.__sinit  0x08007034       0x70 d:/program files (x86)/gcc-arm-none-eabi-10-2020-q4-major-win32/tool/bin/../lib/gcc/arm-none-eabi/10.2.1/../../../../arm-none-eabi/lib/thumb/v7e-m+fp/hard\libc_nano.a(lib_a-findfp.o)
                0x08007034                __sinit
 .text.__sfp    0x080070a4       0x8c d:/program files (x86)/gcc-arm-none-eabi-10-2020-q4-major-win32/tool/bin/../lib/gcc/arm-none-eabi/10.2.1/../../../../arm-none-eabi/lib/thumb/v7e-m+fp/hard\libc_nano.a(lib_a-findfp.o)
                0x080070a4                __sfp
 .text._fwalk_reent
                0x08007130       0x3e d:/program files (x86)/gcc-arm-none-eabi-10-2020-q4-major-win32/tool/bin/../lib/gcc/arm-none-eabi/10.2.1/../../../../arm-none-eabi/lib/thumb/v7e-m+fp/hard\libc_nano.a(lib_a-fwalk.o)
                0x08007130                _fwalk_reent
 .text.__retarget_lock_init_recursive
                0x0800716e        0x2 d:/program files (x86)/gcc-arm-none-eabi-10-2020-q4-major-win32/tool/bin/../lib/gcc/arm-none-eabi/10.2.1/../../../../arm-none-eabi/lib/thumb/v7e-m+fp/hard\libc_nano.a(lib_a-lock.o)
                0x0800716e                __retarget_lock_init_recursive
 .text.__retarget_lock_acquire_recursive
                0x08007170        0x2 d:/program files (x86)/gcc-arm-none-eabi-10-2020-q4-major-win32/tool/bin/../lib/gcc/arm-none-eabi/10.2.1/../../../../arm-none-eabi/lib/thumb/v7e-m+fp/hard\libc_nano.a(lib_a-lock.o)
                0x08007170                __retarget_lock_acquire_recursive
 .text.__retarget_lock_release_recursive
                0x08007172        0x2 d:/program files (x86)/gcc-arm-none-eabi-10-2020-q4-major-win32/tool/bin/../lib/gcc/arm-none-eabi/10.2.1/../../../../arm-none-eabi/lib/thumb/v7e-m+fp/hard\libc_nano.a(lib_a-lock.o)
                0x08007172                __retarget_lock_release_recursive
 .text.__swhatbuf_r
                0x08007174       0x4a d:/program files (x86)/gcc-arm-none-eabi-10-2020-q4-major-win32/tool/bin/../lib/gcc/arm-none-eabi/10.2.1/../../../../arm-none-eabi/lib/thumb/v7e-m+fp/hard\libc_nano.a(lib_a-makebuf.o)
                0x08007174                __swhatbuf_r
 *fill*         0x080071be        0x2 
 .text.__smakebuf_r
                0x080071c0       0x80 d:/program files (x86)/gcc-arm-none-eabi-10-2020-q4-major-win32/tool/bin/../lib/gcc/arm-none-eabi/10.2.1/../../../../arm-none-eabi/lib/thumb/v7e-m+fp/hard\libc_nano.a(lib_a-makebuf.o)
                0x080071c0                __smakebuf_r
 .text._free_r  0x08007240       0x98 d:/program files (x86)/gcc-arm-none-eabi-10-2020-q4-major-win32/tool/bin/../lib/gcc/arm-none-eabi/10.2.1/../../../../arm-none-eabi/lib/thumb/v7e-m+fp/hard\libc_nano.a(lib_a-nano-freer.o)
                0x08007240                _free_r
 .text._malloc_r
                0x080072d8       0xb4 d:/program files (x86)/gcc-arm-none-eabi-10-2020-q4-major-win32/tool/bin/../lib/gcc/arm-none-eabi/10.2.1/../../../../arm-none-eabi/lib/thumb/v7e-m+fp/hard\libc_nano.a(lib_a-nano-mallocr.o)
                0x080072d8                _malloc_r
 .text._sbrk_r  0x0800738c       0x20 d:/program files (x86)/gcc-arm-none-eabi-10-2020-q4-major-win32/tool/bin/../lib/gcc/arm-none-eabi/10.2.1/../../../../arm-none-eabi/lib/thumb/v7e-m+fp/hard\libc_nano.a(lib_a-sbrkr.o)
                0x0800738c                _sbrk_r
 .text.__sread  0x080073ac       0x22 d:/program files (x86)/gcc-arm-none-eabi-10-2020-q4-major-win32/tool/bin/../lib/gcc/arm-none-eabi/10.2.1/../../../../arm-none-eabi/lib/thumb/v7e-m+fp/hard\libc_nano.a(lib_a-stdio.o)
                0x080073ac                __sread
 .text.__swrite
                0x080073ce       0x38 d:/program files (x86)/gcc-arm-none-eabi-10-2020-q4-major-win32/tool/bin/../lib/gcc/arm-none-eabi/10.2.1/../../../../arm-none-eabi/lib/thumb/v7e-m+fp/hard\libc_nano.a(lib_a-stdio.o)
                0x080073ce                __swrite
 .text.__sseek  0x08007406       0x24 d:/program files (x86)/gcc-arm-none-eabi-10-2020-q4-major-win32/tool/bin/../lib/gcc/arm-none-eabi/10.2.1/../../../../arm-none-eabi/lib/thumb/v7e-m+fp/hard\libc_nano.a(lib_a-stdio.o)
                0x08007406                __sseek
 .text.__sclose
                0x0800742a        0x8 d:/program files (x86)/gcc-arm-none-eabi-10-2020-q4-major-win32/tool/bin/../lib/gcc/arm-none-eabi/10.2.1/../../../../arm-none-eabi/lib/thumb/v7e-m+fp/hard\libc_nano.a(lib_a-stdio.o)
                0x0800742a                __sclose
 *fill*         0x08007432        0x2 
 .text._write_r
                0x08007434       0x24 d:/program files (x86)/gcc-arm-none-eabi-10-2020-q4-major-win32/tool/bin/../lib/gcc/arm-none-eabi/10.2.1/../../../../arm-none-eabi/lib/thumb/v7e-m+fp/hard\libc_nano.a(lib_a-writer.o)
                0x08007434                _write_r
 .text._close_r
                0x08007458       0x20 d:/program files (x86)/gcc-arm-none-eabi-10-2020-q4-major-win32/tool/bin/../lib/gcc/arm-none-eabi/10.2.1/../../../../arm-none-eabi/lib/thumb/v7e-m+fp/hard\libc_nano.a(lib_a-closer.o)
                0x08007458                _close_r
 .text._fstat_r
                0x08007478       0x24 d:/program files (x86)/gcc-arm-none-eabi-10-2020-q4-major-win32/tool/bin/../lib/gcc/arm-none-eabi/10.2.1/../../../../arm-none-eabi/lib/thumb/v7e-m+fp/hard\libc_nano.a(lib_a-fstatr.o)
                0x08007478                _fstat_r
 .text._isatty_r
                0x0800749c       0x20 d:/program files (x86)/gcc-arm-none-eabi-10-2020-q4-major-win32/tool/bin/../lib/gcc/arm-none-eabi/10.2.1/../../../../arm-none-eabi/lib/thumb/v7e-m+fp/hard\libc_nano.a(lib_a-isattyr.o)
                0x0800749c                _isatty_r
 .text._lseek_r
                0x080074bc       0x24 d:/program files (x86)/gcc-arm-none-eabi-10-2020-q4-major-win32/tool/bin/../lib/gcc/arm-none-eabi/10.2.1/../../../../arm-none-eabi/lib/thumb/v7e-m+fp/hard\libc_nano.a(lib_a-lseekr.o)
                0x080074bc                _lseek_r
 .text.__malloc_lock
                0x080074e0        0xc d:/program files (x86)/gcc-arm-none-eabi-10-2020-q4-major-win32/tool/bin/../lib/gcc/arm-none-eabi/10.2.1/../../../../arm-none-eabi/lib/thumb/v7e-m+fp/hard\libc_nano.a(lib_a-mlock.o)
                0x080074e0                __malloc_lock
 .text.__malloc_unlock
                0x080074ec        0xc d:/program files (x86)/gcc-arm-none-eabi-10-2020-q4-major-win32/tool/bin/../lib/gcc/arm-none-eabi/10.2.1/../../../../arm-none-eabi/lib/thumb/v7e-m+fp/hard\libc_nano.a(lib_a-mlock.o)
                0x080074ec                __malloc_unlock
 .text._read_r  0x080074f8       0x24 d:/program files (x86)/gcc-arm-none-eabi-10-2020-q4-major-win32/tool/bin/../lib/gcc/arm-none-eabi/10.2.1/../../../../arm-none-eabi/lib/thumb/v7e-m+fp/hard\libc_nano.a(lib_a-readr.o)
                0x080074f8                _read_r
 .text._close   0x0800751c       0x10 d:/program files (x86)/gcc-arm-none-eabi-10-2020-q4-major-win32/tool/bin/../lib/gcc/arm-none-eabi/10.2.1/../../../../arm-none-eabi/lib/thumb/v7e-m+fp/hard\libnosys.a(close.o)
                0x0800751c                _close
 .text._fstat   0x0800752c       0x10 d:/program files (x86)/gcc-arm-none-eabi-10-2020-q4-major-win32/tool/bin/../lib/gcc/arm-none-eabi/10.2.1/../../../../arm-none-eabi/lib/thumb/v7e-m+fp/hard\libnosys.a(fstat.o)
                0x0800752c                _fstat
 .text._isatty  0x0800753c       0x10 d:/program files (x86)/gcc-arm-none-eabi-10-2020-q4-major-win32/tool/bin/../lib/gcc/arm-none-eabi/10.2.1/../../../../arm-none-eabi/lib/thumb/v7e-m+fp/hard\libnosys.a(isatty.o)
                0x0800753c                _isatty
 .text._lseek   0x0800754c       0x10 d:/program files (x86)/gcc-arm-none-eabi-10-2020-q4-major-win32/tool/bin/../lib/gcc/arm-none-eabi/10.2.1/../../../../arm-none-eabi/lib/thumb/v7e-m+fp/hard\libnosys.a(lseek.o)
                0x0800754c                _lseek
 .text._read    0x0800755c       0x10 d:/program files (x86)/gcc-arm-none-eabi-10-2020-q4-major-win32/tool/bin/../lib/gcc/arm-none-eabi/10.2.1/../../../../arm-none-eabi/lib/thumb/v7e-m+fp/hard\libnosys.a(read.o)
                0x0800755c                _read
 .text._sbrk    0x0800756c       0x1c d:/program files (x86)/gcc-arm-none-eabi-10-2020-q4-major-win32/tool/bin/../lib/gcc/arm-none-eabi/10.2.1/../../../../arm-none-eabi/lib/thumb/v7e-m+fp/hard\libnosys.a(sbrk.o)
                0x0800756c                _sbrk
 *(.glue_7)
 .glue_7        0x08007588        0x0 linker stubs
 *(.glue_7t)
 .glue_7t       0x08007588        0x0 linker stubs
 *(.eh_frame)
 .eh_frame      0x08007588        0x0 d:/program files (x86)/gcc-arm-none-eabi-10-2020-q4-major-win32/tool/bin/../lib/gcc/arm-none-eabi/10.2.1/thumb/v7e-m+fp/hard/crtbegin.o
 *(.init)
 .init          0x08007588        0x4 d:/program files (x86)/gcc-arm-none-eabi-10-2020-q4-major-win32/tool/bin/../lib/gcc/arm-none-eabi/10.2.1/thumb/v7e-m+fp/hard/crti.o
                0x08007588                _init
 .init          0x0800758c        0x8 d:/program files (x86)/gcc-arm-none-eabi-10-2020-q4-major-win32/tool/bin/../lib/gcc/arm-none-eabi/10.2.1/thumb/v7e-m+fp/hard/crtn.o
 *(.fini)
 .fini          0x08007594        0x4 d:/program files (x86)/gcc-arm-none-eabi-10-2020-q4-major-win32/tool/bin/../lib/gcc/arm-none-eabi/10.2.1/thumb/v7e-m+fp/hard/crti.o
                0x08007594                _fini
 .fini          0x08007598        0x8 d:/program files (x86)/gcc-arm-none-eabi-10-2020-q4-major-win32/tool/bin/../lib/gcc/arm-none-eabi/10.2.1/thumb/v7e-m+fp/hard/crtn.o
                0x080075a0                . = ALIGN (0x4)
                0x080075a0                _etext = .

.vfp11_veneer   0x080075a0        0x0
 .vfp11_veneer  0x080075a0        0x0 linker stubs

.v4_bx          0x080075a0        0x0
 .v4_bx         0x080075a0        0x0 linker stubs

.iplt           0x080075a0        0x0
 .iplt          0x080075a0        0x0 d:/program files (x86)/gcc-arm-none-eabi-10-2020-q4-major-win32/tool/bin/../lib/gcc/arm-none-eabi/10.2.1/thumb/v7e-m+fp/hard/crtbegin.o

.rodata         0x080075a0       0xb8
                0x080075a0                . = ALIGN (0x4)
 *(.rodata)
 *(.rodata*)
 .rodata.main.str1.4
                0x080075a0       0x11 build/main.o
 *fill*         0x080075b1        0x3 
 .rodata.UARTPrescTable
                0x080075b4       0x18 build/stm32g4xx_hal_uart.o
                0x080075b4                UARTPrescTable
 .rodata.denominator.0
                0x080075cc        0x8 build/stm32g4xx_hal_uart_ex.o
 .rodata.numerator.1
                0x080075d4        0x8 build/stm32g4xx_hal_uart_ex.o
 .rodata.AHBPrescTable
                0x080075dc       0x10 build/system_stm32g4xx.o
                0x080075dc                AHBPrescTable
 .rodata.APBPrescTable
                0x080075ec        0x8 build/system_stm32g4xx.o
                0x080075ec                APBPrescTable
 .rodata._global_impure_ptr
                0x080075f4        0x4 d:/program files (x86)/gcc-arm-none-eabi-10-2020-q4-major-win32/tool/bin/../lib/gcc/arm-none-eabi/10.2.1/../../../../arm-none-eabi/lib/thumb/v7e-m+fp/hard\libc_nano.a(lib_a-impure.o)
                0x080075f4                _global_impure_ptr
 .rodata.__sf_fake_stderr
                0x080075f8       0x20 d:/program files (x86)/gcc-arm-none-eabi-10-2020-q4-major-win32/tool/bin/../lib/gcc/arm-none-eabi/10.2.1/../../../../arm-none-eabi/lib/thumb/v7e-m+fp/hard\libc_nano.a(lib_a-findfp.o)
                0x080075f8                __sf_fake_stderr
 .rodata.__sf_fake_stdin
                0x08007618       0x20 d:/program files (x86)/gcc-arm-none-eabi-10-2020-q4-major-win32/tool/bin/../lib/gcc/arm-none-eabi/10.2.1/../../../../arm-none-eabi/lib/thumb/v7e-m+fp/hard\libc_nano.a(lib_a-findfp.o)
                0x08007618                __sf_fake_stdin
 .rodata.__sf_fake_stdout
                0x08007638       0x20 d:/program files (x86)/gcc-arm-none-eabi-10-2020-q4-major-win32/tool/bin/../lib/gcc/arm-none-eabi/10.2.1/../../../../arm-none-eabi/lib/thumb/v7e-m+fp/hard\libc_nano.a(lib_a-findfp.o)
                0x08007638                __sf_fake_stdout
                0x08007658                . = ALIGN (0x4)

.ARM.extab
 *(.ARM.extab* .gnu.linkonce.armextab.*)

.ARM            0x08007658        0x8
                0x08007658                __exidx_start = .
 *(.ARM.exidx*)
 .ARM.exidx     0x08007658        0x8 d:/program files (x86)/gcc-arm-none-eabi-10-2020-q4-major-win32/tool/bin/../lib/gcc/arm-none-eabi/10.2.1/thumb/v7e-m+fp/hard\libgcc.a(_udivmoddi4.o)
                0x08007660                __exidx_end = .

.rel.dyn        0x08007660        0x0
 .rel.iplt      0x08007660        0x0 d:/program files (x86)/gcc-arm-none-eabi-10-2020-q4-major-win32/tool/bin/../lib/gcc/arm-none-eabi/10.2.1/thumb/v7e-m+fp/hard/crtbegin.o

.preinit_array  0x08007660        0x0
                0x08007660                PROVIDE (__preinit_array_start = .)
 *(.preinit_array*)
                0x08007660                PROVIDE (__preinit_array_end = .)

.init_array     0x08007660        0x4
                0x08007660                PROVIDE (__init_array_start = .)
 *(SORT_BY_NAME(.init_array.*))
 *(.init_array*)
 .init_array    0x08007660        0x4 d:/program files (x86)/gcc-arm-none-eabi-10-2020-q4-major-win32/tool/bin/../lib/gcc/arm-none-eabi/10.2.1/thumb/v7e-m+fp/hard/crtbegin.o
                0x08007664                PROVIDE (__init_array_end = .)

.fini_array     0x08007664        0x4
                [!provide]                PROVIDE (__fini_array_start = .)
 *(SORT_BY_NAME(.fini_array.*))
 *(.fini_array*)
 .fini_array    0x08007664        0x4 d:/program files (x86)/gcc-arm-none-eabi-10-2020-q4-major-win32/tool/bin/../lib/gcc/arm-none-eabi/10.2.1/thumb/v7e-m+fp/hard/crtbegin.o
                [!provide]                PROVIDE (__fini_array_end = .)
                0x08007668                _sidata = LOADADDR (.data)

.data           0x20000000       0x70 load address 0x08007668
                0x20000000                . = ALIGN (0x4)
                0x20000000                _sdata = .
 *(.data)
 *(.data*)
 .data.uwTickFreq
                0x20000000        0x4 build/stm32g4xx_hal.o
                0x20000000                uwTickFreq
 .data.uwTickPrio
                0x20000004        0x4 build/stm32g4xx_hal.o
                0x20000004                uwTickPrio
 .data.SystemCoreClock
                0x20000008        0x4 build/system_stm32g4xx.o
                0x20000008                SystemCoreClock
 .data._impure_ptr
                0x2000000c        0x4 d:/program files (x86)/gcc-arm-none-eabi-10-2020-q4-major-win32/tool/bin/../lib/gcc/arm-none-eabi/10.2.1/../../../../arm-none-eabi/lib/thumb/v7e-m+fp/hard\libc_nano.a(lib_a-impure.o)
                0x2000000c                _impure_ptr
 .data.impure_data
                0x20000010       0x60 d:/program files (x86)/gcc-arm-none-eabi-10-2020-q4-major-win32/tool/bin/../lib/gcc/arm-none-eabi/10.2.1/../../../../arm-none-eabi/lib/thumb/v7e-m+fp/hard\libc_nano.a(lib_a-impure.o)
                0x20000070                . = ALIGN (0x4)
                0x20000070                _edata = .

.igot.plt       0x20000070        0x0 load address 0x080076d8
 .igot.plt      0x20000070        0x0 d:/program files (x86)/gcc-arm-none-eabi-10-2020-q4-major-win32/tool/bin/../lib/gcc/arm-none-eabi/10.2.1/thumb/v7e-m+fp/hard/crtbegin.o
                0x20000070                . = ALIGN (0x4)

.bss            0x20000070      0x1d0 load address 0x080076d8
                0x20000070                _sbss = .
                0x20000070                __bss_start__ = _sbss
 *(.bss)
 .bss           0x20000070       0x1c d:/program files (x86)/gcc-arm-none-eabi-10-2020-q4-major-win32/tool/bin/../lib/gcc/arm-none-eabi/10.2.1/thumb/v7e-m+fp/hard/crtbegin.o
 *(.bss*)
 .bss.htim1     0x2000008c       0x4c build/tim.o
                0x2000008c                htim1
 .bss.hdma_usart1_rx
                0x200000d8       0x60 build/usart.o
                0x200000d8                hdma_usart1_rx
 .bss.hdma_usart1_tx
                0x20000138       0x60 build/usart.o
                0x20000138                hdma_usart1_tx
 .bss.huart1    0x20000198       0x90 build/usart.o
                0x20000198                huart1
 .bss.uwTick    0x20000228        0x4 build/stm32g4xx_hal.o
                0x20000228                uwTick
 .bss.__lock___malloc_recursive_mutex
                0x2000022c        0x1 d:/program files (x86)/gcc-arm-none-eabi-10-2020-q4-major-win32/tool/bin/../lib/gcc/arm-none-eabi/10.2.1/../../../../arm-none-eabi/lib/thumb/v7e-m+fp/hard\libc_nano.a(lib_a-lock.o)
                0x2000022c                __lock___malloc_recursive_mutex
 .bss.__lock___sfp_recursive_mutex
                0x2000022d        0x1 d:/program files (x86)/gcc-arm-none-eabi-10-2020-q4-major-win32/tool/bin/../lib/gcc/arm-none-eabi/10.2.1/../../../../arm-none-eabi/lib/thumb/v7e-m+fp/hard\libc_nano.a(lib_a-lock.o)
                0x2000022d                __lock___sfp_recursive_mutex
 .bss.__lock___sinit_recursive_mutex
                0x2000022e        0x1 d:/program files (x86)/gcc-arm-none-eabi-10-2020-q4-major-win32/tool/bin/../lib/gcc/arm-none-eabi/10.2.1/../../../../arm-none-eabi/lib/thumb/v7e-m+fp/hard\libc_nano.a(lib_a-lock.o)
                0x2000022e                __lock___sinit_recursive_mutex
 *fill*         0x2000022f        0x1 
 .bss.__malloc_free_list
                0x20000230        0x4 d:/program files (x86)/gcc-arm-none-eabi-10-2020-q4-major-win32/tool/bin/../lib/gcc/arm-none-eabi/10.2.1/../../../../arm-none-eabi/lib/thumb/v7e-m+fp/hard\libc_nano.a(lib_a-nano-mallocr.o)
                0x20000230                __malloc_free_list
 .bss.__malloc_sbrk_start
                0x20000234        0x4 d:/program files (x86)/gcc-arm-none-eabi-10-2020-q4-major-win32/tool/bin/../lib/gcc/arm-none-eabi/10.2.1/../../../../arm-none-eabi/lib/thumb/v7e-m+fp/hard\libc_nano.a(lib_a-nano-mallocr.o)
                0x20000234                __malloc_sbrk_start
 .bss.errno     0x20000238        0x4 d:/program files (x86)/gcc-arm-none-eabi-10-2020-q4-major-win32/tool/bin/../lib/gcc/arm-none-eabi/10.2.1/../../../../arm-none-eabi/lib/thumb/v7e-m+fp/hard\libc_nano.a(lib_a-reent.o)
                0x20000238                errno
 .bss.heap_end.0
                0x2000023c        0x4 d:/program files (x86)/gcc-arm-none-eabi-10-2020-q4-major-win32/tool/bin/../lib/gcc/arm-none-eabi/10.2.1/../../../../arm-none-eabi/lib/thumb/v7e-m+fp/hard\libnosys.a(sbrk.o)
 *(COMMON)
                0x20000240                . = ALIGN (0x4)
                0x20000240                _ebss = .
                0x20000240                __bss_end__ = _ebss

._user_heap_stack
                0x20000240      0xc00 load address 0x080076d8
                0x20000240                . = ALIGN (0x8)
                0x20000240                PROVIDE (end = .)
                [!provide]                PROVIDE (_end = .)
                0x20000640                . = (. + _Min_Heap_Size)
 *fill*         0x20000240      0x400 
                0x20000e40                . = (. + _Min_Stack_Size)
 *fill*         0x20000640      0x800 
                0x20000e40                . = ALIGN (0x8)

/DISCARD/
 libc.a(*)
 libm.a(*)
 libgcc.a(*)

.ARM.attributes
                0x00000000       0x30
 *(.ARM.attributes)
 .ARM.attributes
                0x00000000       0x1e d:/program files (x86)/gcc-arm-none-eabi-10-2020-q4-major-win32/tool/bin/../lib/gcc/arm-none-eabi/10.2.1/thumb/v7e-m+fp/hard/crti.o
 .ARM.attributes
                0x0000001e       0x34 d:/program files (x86)/gcc-arm-none-eabi-10-2020-q4-major-win32/tool/bin/../lib/gcc/arm-none-eabi/10.2.1/thumb/v7e-m+fp/hard/crtbegin.o
 .ARM.attributes
                0x00000052       0x34 build/printf_log.o
 .ARM.attributes
                0x00000086       0x34 build/main.o
 .ARM.attributes
                0x000000ba       0x34 build/gpio.o
 .ARM.attributes
                0x000000ee       0x34 build/dma.o
 .ARM.attributes
                0x00000122       0x34 build/tim.o
 .ARM.attributes
                0x00000156       0x34 build/usart.o
 .ARM.attributes
                0x0000018a       0x34 build/stm32g4xx_it.o
 .ARM.attributes
                0x000001be       0x34 build/stm32g4xx_hal_msp.o
 .ARM.attributes
                0x000001f2       0x34 build/stm32g4xx_hal_tim.o
 .ARM.attributes
                0x00000226       0x34 build/stm32g4xx_hal_tim_ex.o
 .ARM.attributes
                0x0000025a       0x34 build/stm32g4xx_hal_pwr_ex.o
 .ARM.attributes
                0x0000028e       0x34 build/stm32g4xx_hal.o
 .ARM.attributes
                0x000002c2       0x34 build/stm32g4xx_hal_rcc.o
 .ARM.attributes
                0x000002f6       0x34 build/stm32g4xx_hal_rcc_ex.o
 .ARM.attributes
                0x0000032a       0x34 build/stm32g4xx_hal_gpio.o
 .ARM.attributes
                0x0000035e       0x34 build/stm32g4xx_hal_dma.o
 .ARM.attributes
                0x00000392       0x34 build/stm32g4xx_hal_cortex.o
 .ARM.attributes
                0x000003c6       0x34 build/stm32g4xx_hal_uart.o
 .ARM.attributes
                0x000003fa       0x34 build/stm32g4xx_hal_uart_ex.o
 .ARM.attributes
                0x0000042e       0x34 build/system_stm32g4xx.o
 .ARM.attributes
                0x00000462       0x21 build/startup_stm32g431xx.o
 .ARM.attributes
                0x00000483       0x32 d:/program files (x86)/gcc-arm-none-eabi-10-2020-q4-major-win32/tool/bin/../lib/gcc/arm-none-eabi/10.2.1/../../../../arm-none-eabi/lib/thumb/v7e-m+fp/hard\libc_nano.a(lib_a-impure.o)
 .ARM.attributes
                0x000004b5       0x34 d:/program files (x86)/gcc-arm-none-eabi-10-2020-q4-major-win32/tool/bin/../lib/gcc/arm-none-eabi/10.2.1/../../../../arm-none-eabi/lib/thumb/v7e-m+fp/hard\libc_nano.a(lib_a-init.o)
 .ARM.attributes
                0x000004e9       0x34 d:/program files (x86)/gcc-arm-none-eabi-10-2020-q4-major-win32/tool/bin/../lib/gcc/arm-none-eabi/10.2.1/../../../../arm-none-eabi/lib/thumb/v7e-m+fp/hard\libc_nano.a(lib_a-memset.o)
 .ARM.attributes
                0x0000051d       0x34 d:/program files (x86)/gcc-arm-none-eabi-10-2020-q4-major-win32/tool/bin/../lib/gcc/arm-none-eabi/10.2.1/../../../../arm-none-eabi/lib/thumb/v7e-m+fp/hard\libc_nano.a(lib_a-puts.o)
 .ARM.attributes
                0x00000551       0x34 d:/program files (x86)/gcc-arm-none-eabi-10-2020-q4-major-win32/tool/bin/../lib/gcc/arm-none-eabi/10.2.1/../../../../arm-none-eabi/lib/thumb/v7e-m+fp/hard\libc_nano.a(lib_a-wbuf.o)
 .ARM.attributes
                0x00000585       0x34 d:/program files (x86)/gcc-arm-none-eabi-10-2020-q4-major-win32/tool/bin/../lib/gcc/arm-none-eabi/10.2.1/../../../../arm-none-eabi/lib/thumb/v7e-m+fp/hard\libc_nano.a(lib_a-wsetup.o)
 .ARM.attributes
                0x000005b9       0x34 d:/program files (x86)/gcc-arm-none-eabi-10-2020-q4-major-win32/tool/bin/../lib/gcc/arm-none-eabi/10.2.1/../../../../arm-none-eabi/lib/thumb/v7e-m+fp/hard\libc_nano.a(lib_a-fflush.o)
 .ARM.attributes
                0x000005ed       0x34 d:/program files (x86)/gcc-arm-none-eabi-10-2020-q4-major-win32/tool/bin/../lib/gcc/arm-none-eabi/10.2.1/../../../../arm-none-eabi/lib/thumb/v7e-m+fp/hard\libc_nano.a(lib_a-findfp.o)
 .ARM.attributes
                0x00000621       0x34 d:/program files (x86)/gcc-arm-none-eabi-10-2020-q4-major-win32/tool/bin/../lib/gcc/arm-none-eabi/10.2.1/../../../../arm-none-eabi/lib/thumb/v7e-m+fp/hard\libc_nano.a(lib_a-fwalk.o)
 .ARM.attributes
                0x00000655       0x34 d:/program files (x86)/gcc-arm-none-eabi-10-2020-q4-major-win32/tool/bin/../lib/gcc/arm-none-eabi/10.2.1/../../../../arm-none-eabi/lib/thumb/v7e-m+fp/hard\libc_nano.a(lib_a-lock.o)
 .ARM.attributes
                0x00000689       0x34 d:/program files (x86)/gcc-arm-none-eabi-10-2020-q4-major-win32/tool/bin/../lib/gcc/arm-none-eabi/10.2.1/../../../../arm-none-eabi/lib/thumb/v7e-m+fp/hard\libc_nano.a(lib_a-makebuf.o)
 .ARM.attributes
                0x000006bd       0x34 d:/program files (x86)/gcc-arm-none-eabi-10-2020-q4-major-win32/tool/bin/../lib/gcc/arm-none-eabi/10.2.1/../../../../arm-none-eabi/lib/thumb/v7e-m+fp/hard\libc_nano.a(lib_a-nano-freer.o)
 .ARM.attributes
                0x000006f1       0x34 d:/program files (x86)/gcc-arm-none-eabi-10-2020-q4-major-win32/tool/bin/../lib/gcc/arm-none-eabi/10.2.1/../../../../arm-none-eabi/lib/thumb/v7e-m+fp/hard\libc_nano.a(lib_a-nano-mallocr.o)
 .ARM.attributes
                0x00000725       0x34 d:/program files (x86)/gcc-arm-none-eabi-10-2020-q4-major-win32/tool/bin/../lib/gcc/arm-none-eabi/10.2.1/../../../../arm-none-eabi/lib/thumb/v7e-m+fp/hard\libc_nano.a(lib_a-sbrkr.o)
 .ARM.attributes
                0x00000759       0x34 d:/program files (x86)/gcc-arm-none-eabi-10-2020-q4-major-win32/tool/bin/../lib/gcc/arm-none-eabi/10.2.1/../../../../arm-none-eabi/lib/thumb/v7e-m+fp/hard\libc_nano.a(lib_a-stdio.o)
 .ARM.attributes
                0x0000078d       0x34 d:/program files (x86)/gcc-arm-none-eabi-10-2020-q4-major-win32/tool/bin/../lib/gcc/arm-none-eabi/10.2.1/../../../../arm-none-eabi/lib/thumb/v7e-m+fp/hard\libc_nano.a(lib_a-writer.o)
 .ARM.attributes
                0x000007c1       0x34 d:/program files (x86)/gcc-arm-none-eabi-10-2020-q4-major-win32/tool/bin/../lib/gcc/arm-none-eabi/10.2.1/../../../../arm-none-eabi/lib/thumb/v7e-m+fp/hard\libc_nano.a(lib_a-closer.o)
 .ARM.attributes
                0x000007f5       0x34 d:/program files (x86)/gcc-arm-none-eabi-10-2020-q4-major-win32/tool/bin/../lib/gcc/arm-none-eabi/10.2.1/../../../../arm-none-eabi/lib/thumb/v7e-m+fp/hard\libc_nano.a(lib_a-fstatr.o)
 .ARM.attributes
                0x00000829       0x34 d:/program files (x86)/gcc-arm-none-eabi-10-2020-q4-major-win32/tool/bin/../lib/gcc/arm-none-eabi/10.2.1/../../../../arm-none-eabi/lib/thumb/v7e-m+fp/hard\libc_nano.a(lib_a-isattyr.o)
 .ARM.attributes
                0x0000085d       0x34 d:/program files (x86)/gcc-arm-none-eabi-10-2020-q4-major-win32/tool/bin/../lib/gcc/arm-none-eabi/10.2.1/../../../../arm-none-eabi/lib/thumb/v7e-m+fp/hard\libc_nano.a(lib_a-lseekr.o)
 .ARM.attributes
                0x00000891       0x34 d:/program files (x86)/gcc-arm-none-eabi-10-2020-q4-major-win32/tool/bin/../lib/gcc/arm-none-eabi/10.2.1/../../../../arm-none-eabi/lib/thumb/v7e-m+fp/hard\libc_nano.a(lib_a-mlock.o)
 .ARM.attributes
                0x000008c5       0x34 d:/program files (x86)/gcc-arm-none-eabi-10-2020-q4-major-win32/tool/bin/../lib/gcc/arm-none-eabi/10.2.1/../../../../arm-none-eabi/lib/thumb/v7e-m+fp/hard\libc_nano.a(lib_a-readr.o)
 .ARM.attributes
                0x000008f9       0x34 d:/program files (x86)/gcc-arm-none-eabi-10-2020-q4-major-win32/tool/bin/../lib/gcc/arm-none-eabi/10.2.1/../../../../arm-none-eabi/lib/thumb/v7e-m+fp/hard\libc_nano.a(lib_a-reent.o)
 .ARM.attributes
                0x0000092d       0x34 d:/program files (x86)/gcc-arm-none-eabi-10-2020-q4-major-win32/tool/bin/../lib/gcc/arm-none-eabi/10.2.1/../../../../arm-none-eabi/lib/thumb/v7e-m+fp/hard\libnosys.a(close.o)
 .ARM.attributes
                0x00000961       0x34 d:/program files (x86)/gcc-arm-none-eabi-10-2020-q4-major-win32/tool/bin/../lib/gcc/arm-none-eabi/10.2.1/../../../../arm-none-eabi/lib/thumb/v7e-m+fp/hard\libnosys.a(fstat.o)
 .ARM.attributes
                0x00000995       0x34 d:/program files (x86)/gcc-arm-none-eabi-10-2020-q4-major-win32/tool/bin/../lib/gcc/arm-none-eabi/10.2.1/../../../../arm-none-eabi/lib/thumb/v7e-m+fp/hard\libnosys.a(isatty.o)
 .ARM.attributes
                0x000009c9       0x34 d:/program files (x86)/gcc-arm-none-eabi-10-2020-q4-major-win32/tool/bin/../lib/gcc/arm-none-eabi/10.2.1/../../../../arm-none-eabi/lib/thumb/v7e-m+fp/hard\libnosys.a(lseek.o)
 .ARM.attributes
                0x000009fd       0x34 d:/program files (x86)/gcc-arm-none-eabi-10-2020-q4-major-win32/tool/bin/../lib/gcc/arm-none-eabi/10.2.1/../../../../arm-none-eabi/lib/thumb/v7e-m+fp/hard\libnosys.a(read.o)
 .ARM.attributes
                0x00000a31       0x34 d:/program files (x86)/gcc-arm-none-eabi-10-2020-q4-major-win32/tool/bin/../lib/gcc/arm-none-eabi/10.2.1/../../../../arm-none-eabi/lib/thumb/v7e-m+fp/hard\libnosys.a(sbrk.o)
 .ARM.attributes
                0x00000a65       0x1e d:/program files (x86)/gcc-arm-none-eabi-10-2020-q4-major-win32/tool/bin/../lib/gcc/arm-none-eabi/10.2.1/thumb/v7e-m+fp/hard\libgcc.a(_aeabi_uldivmod.o)
 .ARM.attributes
                0x00000a83       0x34 d:/program files (x86)/gcc-arm-none-eabi-10-2020-q4-major-win32/tool/bin/../lib/gcc/arm-none-eabi/10.2.1/thumb/v7e-m+fp/hard\libgcc.a(_udivmoddi4.o)
 .ARM.attributes
                0x00000ab7       0x1e d:/program files (x86)/gcc-arm-none-eabi-10-2020-q4-major-win32/tool/bin/../lib/gcc/arm-none-eabi/10.2.1/thumb/v7e-m+fp/hard\libgcc.a(_dvmd_tls.o)
 .ARM.attributes
                0x00000ad5       0x1e d:/program files (x86)/gcc-arm-none-eabi-10-2020-q4-major-win32/tool/bin/../lib/gcc/arm-none-eabi/10.2.1/thumb/v7e-m+fp/hard/crtn.o
OUTPUT(build/STM32G4_BOOT.elf elf32-littlearm)
LOAD linker stubs
LOAD d:/program files (x86)/gcc-arm-none-eabi-10-2020-q4-major-win32/tool/bin/../lib/gcc/arm-none-eabi/10.2.1/../../../../arm-none-eabi/lib/thumb/v7e-m+fp/hard\libc.a
LOAD d:/program files (x86)/gcc-arm-none-eabi-10-2020-q4-major-win32/tool/bin/../lib/gcc/arm-none-eabi/10.2.1/../../../../arm-none-eabi/lib/thumb/v7e-m+fp/hard\libm.a
LOAD d:/program files (x86)/gcc-arm-none-eabi-10-2020-q4-major-win32/tool/bin/../lib/gcc/arm-none-eabi/10.2.1/thumb/v7e-m+fp/hard\libgcc.a

.debug_info     0x00000000    0x18edf
 .debug_info    0x00000000      0x94f build/printf_log.o
 .debug_info    0x0000094f      0x422 build/main.o
 .debug_info    0x00000d71      0x7dd build/gpio.o
 .debug_info    0x0000154e      0x5bc build/dma.o
 .debug_info    0x00001b0a      0xd58 build/tim.o
 .debug_info    0x00002862     0x12c3 build/usart.o
 .debug_info    0x00003b25      0x9f2 build/stm32g4xx_it.o
 .debug_info    0x00004517      0x3a1 build/stm32g4xx_hal_msp.o
 .debug_info    0x000048b8     0x43da build/stm32g4xx_hal_tim.o
 .debug_info    0x00008c92     0x274c build/stm32g4xx_hal_tim_ex.o
 .debug_info    0x0000b3de      0xb20 build/stm32g4xx_hal_pwr_ex.o
 .debug_info    0x0000befe      0xc93 build/stm32g4xx_hal.o
 .debug_info    0x0000cb91      0xfdb build/stm32g4xx_hal_rcc.o
 .debug_info    0x0000db6c     0x1035 build/stm32g4xx_hal_rcc_ex.o
 .debug_info    0x0000eba1      0x92d build/stm32g4xx_hal_gpio.o
 .debug_info    0x0000f4ce      0xaeb build/stm32g4xx_hal_dma.o
 .debug_info    0x0000ffb9     0x111d build/stm32g4xx_hal_cortex.o
 .debug_info    0x000110d6     0x6445 build/stm32g4xx_hal_uart.o
 .debug_info    0x0001751b     0x1359 build/stm32g4xx_hal_uart_ex.o
 .debug_info    0x00018874      0x649 build/system_stm32g4xx.o
 .debug_info    0x00018ebd       0x22 build/startup_stm32g431xx.o

.debug_abbrev   0x00000000     0x2a51
 .debug_abbrev  0x00000000      0x1a8 build/printf_log.o
 .debug_abbrev  0x000001a8      0x17f build/main.o
 .debug_abbrev  0x00000327      0x15a build/gpio.o
 .debug_abbrev  0x00000481      0x117 build/dma.o
 .debug_abbrev  0x00000598      0x1f4 build/tim.o
 .debug_abbrev  0x0000078c      0x20c build/usart.o
 .debug_abbrev  0x00000998      0x175 build/stm32g4xx_it.o
 .debug_abbrev  0x00000b0d       0xd9 build/stm32g4xx_hal_msp.o
 .debug_abbrev  0x00000be6      0x291 build/stm32g4xx_hal_tim.o
 .debug_abbrev  0x00000e77      0x2a7 build/stm32g4xx_hal_tim_ex.o
 .debug_abbrev  0x0000111e      0x264 build/stm32g4xx_hal_pwr_ex.o
 .debug_abbrev  0x00001382      0x25d build/stm32g4xx_hal.o
 .debug_abbrev  0x000015df      0x2ac build/stm32g4xx_hal_rcc.o
 .debug_abbrev  0x0000188b      0x262 build/stm32g4xx_hal_rcc_ex.o
 .debug_abbrev  0x00001aed      0x222 build/stm32g4xx_hal_gpio.o
 .debug_abbrev  0x00001d0f      0x251 build/stm32g4xx_hal_dma.o
 .debug_abbrev  0x00001f60      0x379 build/stm32g4xx_hal_cortex.o
 .debug_abbrev  0x000022d9      0x343 build/stm32g4xx_hal_uart.o
 .debug_abbrev  0x0000261c      0x308 build/stm32g4xx_hal_uart_ex.o
 .debug_abbrev  0x00002924      0x11b build/system_stm32g4xx.o
 .debug_abbrev  0x00002a3f       0x12 build/startup_stm32g431xx.o

.debug_loc      0x00000000    0x1471f
 .debug_loc     0x00000000       0xae build/printf_log.o
 .debug_loc     0x000000ae       0x66 build/main.o
 .debug_loc     0x00000114       0x38 build/gpio.o
 .debug_loc     0x0000014c       0x38 build/dma.o
 .debug_loc     0x00000184       0x70 build/tim.o
 .debug_loc     0x000001f4       0xda build/usart.o
 .debug_loc     0x000002ce       0x80 build/stm32g4xx_it.o
 .debug_loc     0x0000034e       0x38 build/stm32g4xx_hal_msp.o
 .debug_loc     0x00000386     0x6356 build/stm32g4xx_hal_tim.o
 .debug_loc     0x000066dc     0x3037 build/stm32g4xx_hal_tim_ex.o
 .debug_loc     0x00009713      0xa26 build/stm32g4xx_hal_pwr_ex.o
 .debug_loc     0x0000a139      0x2af build/stm32g4xx_hal.o
 .debug_loc     0x0000a3e8      0x999 build/stm32g4xx_hal_rcc.o
 .debug_loc     0x0000ad81     0x12f1 build/stm32g4xx_hal_rcc_ex.o
 .debug_loc     0x0000c072      0x46f build/stm32g4xx_hal_gpio.o
 .debug_loc     0x0000c4e1      0x9d0 build/stm32g4xx_hal_dma.o
 .debug_loc     0x0000ceb1      0x796 build/stm32g4xx_hal_cortex.o
 .debug_loc     0x0000d647     0x6208 build/stm32g4xx_hal_uart.o
 .debug_loc     0x0001384f      0xe33 build/stm32g4xx_hal_uart_ex.o
 .debug_loc     0x00014682       0x9d build/system_stm32g4xx.o

.debug_aranges  0x00000000     0x1030
 .debug_aranges
                0x00000000       0x28 build/printf_log.o
 .debug_aranges
                0x00000028       0x30 build/main.o
 .debug_aranges
                0x00000058       0x20 build/gpio.o
 .debug_aranges
                0x00000078       0x20 build/dma.o
 .debug_aranges
                0x00000098       0x30 build/tim.o
 .debug_aranges
                0x000000c8       0x30 build/usart.o
 .debug_aranges
                0x000000f8       0x78 build/stm32g4xx_it.o
 .debug_aranges
                0x00000170       0x20 build/stm32g4xx_hal_msp.o
 .debug_aranges
                0x00000190      0x3e0 build/stm32g4xx_hal_tim.o
 .debug_aranges
                0x00000570      0x240 build/stm32g4xx_hal_tim_ex.o
 .debug_aranges
                0x000007b0      0x140 build/stm32g4xx_hal_pwr_ex.o
 .debug_aranges
                0x000008f0      0x130 build/stm32g4xx_hal.o
 .debug_aranges
                0x00000a20       0x98 build/stm32g4xx_hal_rcc.o
 .debug_aranges
                0x00000ab8       0xb0 build/stm32g4xx_hal_rcc_ex.o
 .debug_aranges
                0x00000b68       0x58 build/stm32g4xx_hal_gpio.o
 .debug_aranges
                0x00000bc0       0x90 build/stm32g4xx_hal_dma.o
 .debug_aranges
                0x00000c50       0xa8 build/stm32g4xx_hal_cortex.o
 .debug_aranges
                0x00000cf8      0x248 build/stm32g4xx_hal_uart.o
 .debug_aranges
                0x00000f40       0xa0 build/stm32g4xx_hal_uart_ex.o
 .debug_aranges
                0x00000fe0       0x28 build/system_stm32g4xx.o
 .debug_aranges
                0x00001008       0x28 build/startup_stm32g431xx.o

.debug_ranges   0x00000000      0xf78
 .debug_ranges  0x00000000       0x18 build/printf_log.o
 .debug_ranges  0x00000018       0x20 build/main.o
 .debug_ranges  0x00000038       0x10 build/gpio.o
 .debug_ranges  0x00000048       0x10 build/dma.o
 .debug_ranges  0x00000058       0x20 build/tim.o
 .debug_ranges  0x00000078       0x20 build/usart.o
 .debug_ranges  0x00000098       0x68 build/stm32g4xx_it.o
 .debug_ranges  0x00000100       0x10 build/stm32g4xx_hal_msp.o
 .debug_ranges  0x00000110      0x3d0 build/stm32g4xx_hal_tim.o
 .debug_ranges  0x000004e0      0x230 build/stm32g4xx_hal_tim_ex.o
 .debug_ranges  0x00000710      0x130 build/stm32g4xx_hal_pwr_ex.o
 .debug_ranges  0x00000840      0x120 build/stm32g4xx_hal.o
 .debug_ranges  0x00000960       0xa0 build/stm32g4xx_hal_rcc.o
 .debug_ranges  0x00000a00       0xb8 build/stm32g4xx_hal_rcc_ex.o
 .debug_ranges  0x00000ab8       0x48 build/stm32g4xx_hal_gpio.o
 .debug_ranges  0x00000b00       0x80 build/stm32g4xx_hal_dma.o
 .debug_ranges  0x00000b80       0xf8 build/stm32g4xx_hal_cortex.o
 .debug_ranges  0x00000c78      0x238 build/stm32g4xx_hal_uart.o
 .debug_ranges  0x00000eb0       0x90 build/stm32g4xx_hal_uart_ex.o
 .debug_ranges  0x00000f40       0x18 build/system_stm32g4xx.o
 .debug_ranges  0x00000f58       0x20 build/startup_stm32g431xx.o

.debug_line     0x00000000    0x14bbd
 .debug_line    0x00000000      0x20b build/printf_log.o
 .debug_line    0x0000020b      0x328 build/main.o
 .debug_line    0x00000533      0x210 build/gpio.o
 .debug_line    0x00000743      0x1a8 build/dma.o
 .debug_line    0x000008eb      0x2dc build/tim.o
 .debug_line    0x00000bc7      0x457 build/usart.o
 .debug_line    0x0000101e      0x339 build/stm32g4xx_it.o
 .debug_line    0x00001357      0x1b5 build/stm32g4xx_hal_msp.o
 .debug_line    0x0000150c     0x536e build/stm32g4xx_hal_tim.o
 .debug_line    0x0000687a     0x25c3 build/stm32g4xx_hal_tim_ex.o
 .debug_line    0x00008e3d      0xa94 build/stm32g4xx_hal_pwr_ex.o
 .debug_line    0x000098d1      0x6a2 build/stm32g4xx_hal.o
 .debug_line    0x00009f73      0xe03 build/stm32g4xx_hal_rcc.o
 .debug_line    0x0000ad76     0x1078 build/stm32g4xx_hal_rcc_ex.o
 .debug_line    0x0000bdee      0x6a2 build/stm32g4xx_hal_gpio.o
 .debug_line    0x0000c490      0xc64 build/stm32g4xx_hal_dma.o
 .debug_line    0x0000d0f4      0x782 build/stm32g4xx_hal_cortex.o
 .debug_line    0x0000d876     0x635d build/stm32g4xx_hal_uart.o
 .debug_line    0x00013bd3      0xd17 build/stm32g4xx_hal_uart_ex.o
 .debug_line    0x000148ea      0x25c build/system_stm32g4xx.o
 .debug_line    0x00014b46       0x77 build/startup_stm32g431xx.o

.debug_str      0x00000000     0x51ef
 .debug_str     0x00000000      0x69d build/printf_log.o
                                0x752 (size before relaxing)
 .debug_str     0x0000069d      0x1fc build/main.o
                                0x3c1 (size before relaxing)
 .debug_str     0x00000899      0x680 build/gpio.o
                                0x81e (size before relaxing)
 .debug_str     0x00000f19        0xa build/dma.o
                                0x75f (size before relaxing)
 .debug_str     0x00000f23      0x42f build/tim.o
                                0xa6c (size before relaxing)
 .debug_str     0x00001352      0x28e build/usart.o
                                0xff7 (size before relaxing)
 .debug_str     0x000015e0      0x12f build/stm32g4xx_it.o
                                0x7fb (size before relaxing)
 .debug_str     0x0000170f       0x45 build/stm32g4xx_hal_msp.o
                                0x311 (size before relaxing)
 .debug_str     0x00001754      0xf48 build/stm32g4xx_hal_tim.o
                               0x1847 (size before relaxing)
 .debug_str     0x0000269c      0x938 build/stm32g4xx_hal_tim_ex.o
                               0x14af (size before relaxing)
 .debug_str     0x00002fd4      0x593 build/stm32g4xx_hal_pwr_ex.o
                                0x7ca (size before relaxing)
 .debug_str     0x00003567      0x44f build/stm32g4xx_hal.o
                                0xc23 (size before relaxing)
 .debug_str     0x000039b6      0x297 build/stm32g4xx_hal_rcc.o
                                0x817 (size before relaxing)
 .debug_str     0x00003c4d      0x372 build/stm32g4xx_hal_rcc_ex.o
                                0x9fe (size before relaxing)
 .debug_str     0x00003fbf       0xbc build/stm32g4xx_hal_gpio.o
                                0x528 (size before relaxing)
 .debug_str     0x0000407b      0x26f build/stm32g4xx_hal_dma.o
                                0x789 (size before relaxing)
 .debug_str     0x000042ea      0x424 build/stm32g4xx_hal_cortex.o
                                0xb72 (size before relaxing)
 .debug_str     0x0000470e      0x860 build/stm32g4xx_hal_uart.o
                               0x11ea (size before relaxing)
 .debug_str     0x00004f6e      0x225 build/stm32g4xx_hal_uart_ex.o
                                0xaf9 (size before relaxing)
 .debug_str     0x00005193       0x38 build/system_stm32g4xx.o
                                0x3aa (size before relaxing)
 .debug_str     0x000051cb       0x24 build/startup_stm32g431xx.o
                                 0x4e (size before relaxing)

.comment        0x00000000       0x4d
 .comment       0x00000000       0x4d build/printf_log.o
                                 0x4e (size before relaxing)
 .comment       0x0000004d       0x4e build/main.o
 .comment       0x0000004d       0x4e build/gpio.o
 .comment       0x0000004d       0x4e build/dma.o
 .comment       0x0000004d       0x4e build/tim.o
 .comment       0x0000004d       0x4e build/usart.o
 .comment       0x0000004d       0x4e build/stm32g4xx_it.o
 .comment       0x0000004d       0x4e build/stm32g4xx_hal_msp.o
 .comment       0x0000004d       0x4e build/stm32g4xx_hal_tim.o
 .comment       0x0000004d       0x4e build/stm32g4xx_hal_tim_ex.o
 .comment       0x0000004d       0x4e build/stm32g4xx_hal_pwr_ex.o
 .comment       0x0000004d       0x4e build/stm32g4xx_hal.o
 .comment       0x0000004d       0x4e build/stm32g4xx_hal_rcc.o
 .comment       0x0000004d       0x4e build/stm32g4xx_hal_rcc_ex.o
 .comment       0x0000004d       0x4e build/stm32g4xx_hal_gpio.o
 .comment       0x0000004d       0x4e build/stm32g4xx_hal_dma.o
 .comment       0x0000004d       0x4e build/stm32g4xx_hal_cortex.o
 .comment       0x0000004d       0x4e build/stm32g4xx_hal_uart.o
 .comment       0x0000004d       0x4e build/stm32g4xx_hal_uart_ex.o
 .comment       0x0000004d       0x4e build/system_stm32g4xx.o

.debug_frame    0x00000000     0x3004
 .debug_frame   0x00000000       0x38 build/printf_log.o
 .debug_frame   0x00000038       0x58 build/main.o
 .debug_frame   0x00000090       0x30 build/gpio.o
 .debug_frame   0x000000c0       0x2c build/dma.o
 .debug_frame   0x000000ec       0x58 build/tim.o
 .debug_frame   0x00000144       0x64 build/usart.o
 .debug_frame   0x000001a8       0xf0 build/stm32g4xx_it.o
 .debug_frame   0x00000298       0x2c build/stm32g4xx_hal_msp.o
 .debug_frame   0x000002c4      0xb54 build/stm32g4xx_hal_tim.o
 .debug_frame   0x00000e18      0x614 build/stm32g4xx_hal_tim_ex.o
 .debug_frame   0x0000142c      0x268 build/stm32g4xx_hal_pwr_ex.o
 .debug_frame   0x00001694      0x274 build/stm32g4xx_hal.o
 .debug_frame   0x00001908      0x198 build/stm32g4xx_hal_rcc.o
 .debug_frame   0x00001aa0      0x1a0 build/stm32g4xx_hal_rcc_ex.o
 .debug_frame   0x00001c40       0xd0 build/stm32g4xx_hal_gpio.o
 .debug_frame   0x00001d10      0x170 build/stm32g4xx_hal_dma.o
 .debug_frame   0x00001e80      0x148 build/stm32g4xx_hal_cortex.o
 .debug_frame   0x00001fc8      0x67c build/stm32g4xx_hal_uart.o
 .debug_frame   0x00002644      0x1c8 build/stm32g4xx_hal_uart_ex.o
 .debug_frame   0x0000280c       0x30 build/system_stm32g4xx.o
 .debug_frame   0x0000283c       0x2c d:/program files (x86)/gcc-arm-none-eabi-10-2020-q4-major-win32/tool/bin/../lib/gcc/arm-none-eabi/10.2.1/../../../../arm-none-eabi/lib/thumb/v7e-m+fp/hard\libc_nano.a(lib_a-init.o)
 .debug_frame   0x00002868       0x20 d:/program files (x86)/gcc-arm-none-eabi-10-2020-q4-major-win32/tool/bin/../lib/gcc/arm-none-eabi/10.2.1/../../../../arm-none-eabi/lib/thumb/v7e-m+fp/hard\libc_nano.a(lib_a-memset.o)
 .debug_frame   0x00002888       0x3c d:/program files (x86)/gcc-arm-none-eabi-10-2020-q4-major-win32/tool/bin/../lib/gcc/arm-none-eabi/10.2.1/../../../../arm-none-eabi/lib/thumb/v7e-m+fp/hard\libc_nano.a(lib_a-puts.o)
 .debug_frame   0x000028c4       0x40 d:/program files (x86)/gcc-arm-none-eabi-10-2020-q4-major-win32/tool/bin/../lib/gcc/arm-none-eabi/10.2.1/../../../../arm-none-eabi/lib/thumb/v7e-m+fp/hard\libc_nano.a(lib_a-wbuf.o)
 .debug_frame   0x00002904       0x2c d:/program files (x86)/gcc-arm-none-eabi-10-2020-q4-major-win32/tool/bin/../lib/gcc/arm-none-eabi/10.2.1/../../../../arm-none-eabi/lib/thumb/v7e-m+fp/hard\libc_nano.a(lib_a-wsetup.o)
 .debug_frame   0x00002930       0x5c d:/program files (x86)/gcc-arm-none-eabi-10-2020-q4-major-win32/tool/bin/../lib/gcc/arm-none-eabi/10.2.1/../../../../arm-none-eabi/lib/thumb/v7e-m+fp/hard\libc_nano.a(lib_a-fflush.o)
 .debug_frame   0x0000298c      0x14c d:/program files (x86)/gcc-arm-none-eabi-10-2020-q4-major-win32/tool/bin/../lib/gcc/arm-none-eabi/10.2.1/../../../../arm-none-eabi/lib/thumb/v7e-m+fp/hard\libc_nano.a(lib_a-findfp.o)
 .debug_frame   0x00002ad8       0x54 d:/program files (x86)/gcc-arm-none-eabi-10-2020-q4-major-win32/tool/bin/../lib/gcc/arm-none-eabi/10.2.1/../../../../arm-none-eabi/lib/thumb/v7e-m+fp/hard\libc_nano.a(lib_a-fwalk.o)
 .debug_frame   0x00002b2c       0xb0 d:/program files (x86)/gcc-arm-none-eabi-10-2020-q4-major-win32/tool/bin/../lib/gcc/arm-none-eabi/10.2.1/../../../../arm-none-eabi/lib/thumb/v7e-m+fp/hard\libc_nano.a(lib_a-lock.o)
 .debug_frame   0x00002bdc       0x58 d:/program files (x86)/gcc-arm-none-eabi-10-2020-q4-major-win32/tool/bin/../lib/gcc/arm-none-eabi/10.2.1/../../../../arm-none-eabi/lib/thumb/v7e-m+fp/hard\libc_nano.a(lib_a-makebuf.o)
 .debug_frame   0x00002c34       0x38 d:/program files (x86)/gcc-arm-none-eabi-10-2020-q4-major-win32/tool/bin/../lib/gcc/arm-none-eabi/10.2.1/../../../../arm-none-eabi/lib/thumb/v7e-m+fp/hard\libc_nano.a(lib_a-nano-freer.o)
 .debug_frame   0x00002c6c       0x30 d:/program files (x86)/gcc-arm-none-eabi-10-2020-q4-major-win32/tool/bin/../lib/gcc/arm-none-eabi/10.2.1/../../../../arm-none-eabi/lib/thumb/v7e-m+fp/hard\libc_nano.a(lib_a-nano-mallocr.o)
 .debug_frame   0x00002c9c       0x2c d:/program files (x86)/gcc-arm-none-eabi-10-2020-q4-major-win32/tool/bin/../lib/gcc/arm-none-eabi/10.2.1/../../../../arm-none-eabi/lib/thumb/v7e-m+fp/hard\libc_nano.a(lib_a-sbrkr.o)
 .debug_frame   0x00002cc8       0x88 d:/program files (x86)/gcc-arm-none-eabi-10-2020-q4-major-win32/tool/bin/../lib/gcc/arm-none-eabi/10.2.1/../../../../arm-none-eabi/lib/thumb/v7e-m+fp/hard\libc_nano.a(lib_a-stdio.o)
 .debug_frame   0x00002d50       0x2c d:/program files (x86)/gcc-arm-none-eabi-10-2020-q4-major-win32/tool/bin/../lib/gcc/arm-none-eabi/10.2.1/../../../../arm-none-eabi/lib/thumb/v7e-m+fp/hard\libc_nano.a(lib_a-writer.o)
 .debug_frame   0x00002d7c       0x2c d:/program files (x86)/gcc-arm-none-eabi-10-2020-q4-major-win32/tool/bin/../lib/gcc/arm-none-eabi/10.2.1/../../../../arm-none-eabi/lib/thumb/v7e-m+fp/hard\libc_nano.a(lib_a-closer.o)
 .debug_frame   0x00002da8       0x2c d:/program files (x86)/gcc-arm-none-eabi-10-2020-q4-major-win32/tool/bin/../lib/gcc/arm-none-eabi/10.2.1/../../../../arm-none-eabi/lib/thumb/v7e-m+fp/hard\libc_nano.a(lib_a-fstatr.o)
 .debug_frame   0x00002dd4       0x2c d:/program files (x86)/gcc-arm-none-eabi-10-2020-q4-major-win32/tool/bin/../lib/gcc/arm-none-eabi/10.2.1/../../../../arm-none-eabi/lib/thumb/v7e-m+fp/hard\libc_nano.a(lib_a-isattyr.o)
 .debug_frame   0x00002e00       0x2c d:/program files (x86)/gcc-arm-none-eabi-10-2020-q4-major-win32/tool/bin/../lib/gcc/arm-none-eabi/10.2.1/../../../../arm-none-eabi/lib/thumb/v7e-m+fp/hard\libc_nano.a(lib_a-lseekr.o)
 .debug_frame   0x00002e2c       0x30 d:/program files (x86)/gcc-arm-none-eabi-10-2020-q4-major-win32/tool/bin/../lib/gcc/arm-none-eabi/10.2.1/../../../../arm-none-eabi/lib/thumb/v7e-m+fp/hard\libc_nano.a(lib_a-mlock.o)
 .debug_frame   0x00002e5c       0x2c d:/program files (x86)/gcc-arm-none-eabi-10-2020-q4-major-win32/tool/bin/../lib/gcc/arm-none-eabi/10.2.1/../../../../arm-none-eabi/lib/thumb/v7e-m+fp/hard\libc_nano.a(lib_a-readr.o)
 .debug_frame   0x00002e88       0x5c d:/program files (x86)/gcc-arm-none-eabi-10-2020-q4-major-win32/tool/bin/../lib/gcc/arm-none-eabi/10.2.1/../../../../arm-none-eabi/lib/thumb/v7e-m+fp/hard\libc_nano.a(lib_a-reent.o)
 .debug_frame   0x00002ee4       0x20 d:/program files (x86)/gcc-arm-none-eabi-10-2020-q4-major-win32/tool/bin/../lib/gcc/arm-none-eabi/10.2.1/../../../../arm-none-eabi/lib/thumb/v7e-m+fp/hard\libnosys.a(close.o)
 .debug_frame   0x00002f04       0x20 d:/program files (x86)/gcc-arm-none-eabi-10-2020-q4-major-win32/tool/bin/../lib/gcc/arm-none-eabi/10.2.1/../../../../arm-none-eabi/lib/thumb/v7e-m+fp/hard\libnosys.a(fstat.o)
 .debug_frame   0x00002f24       0x20 d:/program files (x86)/gcc-arm-none-eabi-10-2020-q4-major-win32/tool/bin/../lib/gcc/arm-none-eabi/10.2.1/../../../../arm-none-eabi/lib/thumb/v7e-m+fp/hard\libnosys.a(isatty.o)
 .debug_frame   0x00002f44       0x20 d:/program files (x86)/gcc-arm-none-eabi-10-2020-q4-major-win32/tool/bin/../lib/gcc/arm-none-eabi/10.2.1/../../../../arm-none-eabi/lib/thumb/v7e-m+fp/hard\libnosys.a(lseek.o)
 .debug_frame   0x00002f64       0x20 d:/program files (x86)/gcc-arm-none-eabi-10-2020-q4-major-win32/tool/bin/../lib/gcc/arm-none-eabi/10.2.1/../../../../arm-none-eabi/lib/thumb/v7e-m+fp/hard\libnosys.a(read.o)
 .debug_frame   0x00002f84       0x20 d:/program files (x86)/gcc-arm-none-eabi-10-2020-q4-major-win32/tool/bin/../lib/gcc/arm-none-eabi/10.2.1/../../../../arm-none-eabi/lib/thumb/v7e-m+fp/hard\libnosys.a(sbrk.o)
 .debug_frame   0x00002fa4       0x2c d:/program files (x86)/gcc-arm-none-eabi-10-2020-q4-major-win32/tool/bin/../lib/gcc/arm-none-eabi/10.2.1/thumb/v7e-m+fp/hard\libgcc.a(_aeabi_uldivmod.o)
 .debug_frame   0x00002fd0       0x34 d:/program files (x86)/gcc-arm-none-eabi-10-2020-q4-major-win32/tool/bin/../lib/gcc/arm-none-eabi/10.2.1/thumb/v7e-m+fp/hard\libgcc.a(_udivmoddi4.o)

.stab           0x00000000       0x84
 .stab          0x00000000       0x24 d:/program files (x86)/gcc-arm-none-eabi-10-2020-q4-major-win32/tool/bin/../lib/gcc/arm-none-eabi/10.2.1/../../../../arm-none-eabi/lib/thumb/v7e-m+fp/hard\libnosys.a(close.o)
 .stab          0x00000024       0x18 d:/program files (x86)/gcc-arm-none-eabi-10-2020-q4-major-win32/tool/bin/../lib/gcc/arm-none-eabi/10.2.1/../../../../arm-none-eabi/lib/thumb/v7e-m+fp/hard\libnosys.a(fstat.o)
                                 0x24 (size before relaxing)
 .stab          0x0000003c       0x18 d:/program files (x86)/gcc-arm-none-eabi-10-2020-q4-major-win32/tool/bin/../lib/gcc/arm-none-eabi/10.2.1/../../../../arm-none-eabi/lib/thumb/v7e-m+fp/hard\libnosys.a(isatty.o)
                                 0x24 (size before relaxing)
 .stab          0x00000054       0x18 d:/program files (x86)/gcc-arm-none-eabi-10-2020-q4-major-win32/tool/bin/../lib/gcc/arm-none-eabi/10.2.1/../../../../arm-none-eabi/lib/thumb/v7e-m+fp/hard\libnosys.a(lseek.o)
                                 0x24 (size before relaxing)
 .stab          0x0000006c       0x18 d:/program files (x86)/gcc-arm-none-eabi-10-2020-q4-major-win32/tool/bin/../lib/gcc/arm-none-eabi/10.2.1/../../../../arm-none-eabi/lib/thumb/v7e-m+fp/hard\libnosys.a(read.o)
                                 0x24 (size before relaxing)

.stabstr        0x00000000      0x117
 .stabstr       0x00000000      0x117 d:/program files (x86)/gcc-arm-none-eabi-10-2020-q4-major-win32/tool/bin/../lib/gcc/arm-none-eabi/10.2.1/../../../../arm-none-eabi/lib/thumb/v7e-m+fp/hard\libnosys.a(close.o)

Cross Reference Table

Symbol                                            File
ADC1_2_IRQHandler                                 build/startup_stm32g431xx.o
AHBPrescTable                                     build/system_stm32g4xx.o
                                                  build/stm32g4xx_hal_rcc.o
APBPrescTable                                     build/system_stm32g4xx.o
                                                  build/stm32g4xx_hal_rcc.o
BusFault_Handler                                  build/stm32g4xx_it.o
COMP1_2_3_IRQHandler                              build/startup_stm32g431xx.o
COMP4_IRQHandler                                  build/startup_stm32g431xx.o
CORDIC_IRQHandler                                 build/startup_stm32g431xx.o
CRS_IRQHandler                                    build/startup_stm32g431xx.o
DMA1_Channel1_IRQHandler                          build/startup_stm32g431xx.o
DMA1_Channel2_IRQHandler                          build/stm32g4xx_it.o
DMA1_Channel3_IRQHandler                          build/startup_stm32g431xx.o
DMA1_Channel4_IRQHandler                          build/startup_stm32g431xx.o
DMA1_Channel5_IRQHandler                          build/startup_stm32g431xx.o
DMA1_Channel6_IRQHandler                          build/startup_stm32g431xx.o
DMA2_Channel1_IRQHandler                          build/startup_stm32g431xx.o
DMA2_Channel2_IRQHandler                          build/startup_stm32g431xx.o
DMA2_Channel3_IRQHandler                          build/startup_stm32g431xx.o
DMA2_Channel4_IRQHandler                          build/startup_stm32g431xx.o
DMA2_Channel5_IRQHandler                          build/startup_stm32g431xx.o
DMA2_Channel6_IRQHandler                          build/startup_stm32g431xx.o
DMAMUX_OVR_IRQHandler                             build/startup_stm32g431xx.o
DebugMon_Handler                                  build/stm32g4xx_it.o
Default_Handler                                   build/startup_stm32g431xx.o
EXTI0_IRQHandler                                  build/startup_stm32g431xx.o
EXTI15_10_IRQHandler                              build/stm32g4xx_it.o
EXTI1_IRQHandler                                  build/startup_stm32g431xx.o
EXTI2_IRQHandler                                  build/startup_stm32g431xx.o
EXTI3_IRQHandler                                  build/startup_stm32g431xx.o
EXTI4_IRQHandler                                  build/startup_stm32g431xx.o
EXTI9_5_IRQHandler                                build/startup_stm32g431xx.o
Error_Handler                                     build/main.o
                                                  build/usart.o
                                                  build/tim.o
FDCAN1_IT0_IRQHandler                             build/startup_stm32g431xx.o
FDCAN1_IT1_IRQHandler                             build/startup_stm32g431xx.o
FLASH_FlushCaches                                 build/stm32g4xx_hal_flash_ex.o
                                                  build/stm32g4xx_hal_flash.o
FLASH_IRQHandler                                  build/startup_stm32g431xx.o
FLASH_PageErase                                   build/stm32g4xx_hal_flash_ex.o
                                                  build/stm32g4xx_hal_flash.o
FLASH_WaitForLastOperation                        build/stm32g4xx_hal_flash.o
                                                  build/stm32g4xx_hal_flash_ex.o
FMAC_IRQHandler                                   build/startup_stm32g431xx.o
FPU_IRQHandler                                    build/startup_stm32g431xx.o
HAL_DBGMCU_DisableDBGSleepMode                    build/stm32g4xx_hal.o
HAL_DBGMCU_DisableDBGStandbyMode                  build/stm32g4xx_hal.o
HAL_DBGMCU_DisableDBGStopMode                     build/stm32g4xx_hal.o
HAL_DBGMCU_EnableDBGSleepMode                     build/stm32g4xx_hal.o
HAL_DBGMCU_EnableDBGStandbyMode                   build/stm32g4xx_hal.o
HAL_DBGMCU_EnableDBGStopMode                      build/stm32g4xx_hal.o
HAL_DMAEx_ConfigMuxRequestGenerator               build/stm32g4xx_hal_dma_ex.o
HAL_DMAEx_ConfigMuxSync                           build/stm32g4xx_hal_dma_ex.o
HAL_DMAEx_DisableMuxRequestGenerator              build/stm32g4xx_hal_dma_ex.o
HAL_DMAEx_EnableMuxRequestGenerator               build/stm32g4xx_hal_dma_ex.o
HAL_DMAEx_MUX_IRQHandler                          build/stm32g4xx_hal_dma_ex.o
HAL_DMA_Abort                                     build/stm32g4xx_hal_dma.o
                                                  build/stm32g4xx_hal_uart.o
HAL_DMA_Abort_IT                                  build/stm32g4xx_hal_dma.o
                                                  build/stm32g4xx_hal_uart.o
                                                  build/stm32g4xx_hal_tim_ex.o
                                                  build/stm32g4xx_hal_tim.o
HAL_DMA_DeInit                                    build/stm32g4xx_hal_dma.o
                                                  build/usart.o
HAL_DMA_GetError                                  build/stm32g4xx_hal_dma.o
                                                  build/stm32g4xx_hal_uart.o
HAL_DMA_GetState                                  build/stm32g4xx_hal_dma.o
HAL_DMA_IRQHandler                                build/stm32g4xx_hal_dma.o
                                                  build/stm32g4xx_it.o
HAL_DMA_Init                                      build/stm32g4xx_hal_dma.o
                                                  build/usart.o
HAL_DMA_PollForTransfer                           build/stm32g4xx_hal_dma.o
HAL_DMA_RegisterCallback                          build/stm32g4xx_hal_dma.o
HAL_DMA_Start                                     build/stm32g4xx_hal_dma.o
HAL_DMA_Start_IT                                  build/stm32g4xx_hal_dma.o
                                                  build/stm32g4xx_hal_uart.o
                                                  build/stm32g4xx_hal_tim_ex.o
                                                  build/stm32g4xx_hal_tim.o
HAL_DMA_UnRegisterCallback                        build/stm32g4xx_hal_dma.o
HAL_DeInit                                        build/stm32g4xx_hal.o
HAL_Delay                                         build/stm32g4xx_hal.o
HAL_EXTI_ClearConfigLine                          build/stm32g4xx_hal_exti.o
HAL_EXTI_ClearPending                             build/stm32g4xx_hal_exti.o
HAL_EXTI_GenerateSWI                              build/stm32g4xx_hal_exti.o
HAL_EXTI_GetConfigLine                            build/stm32g4xx_hal_exti.o
HAL_EXTI_GetHandle                                build/stm32g4xx_hal_exti.o
HAL_EXTI_GetPending                               build/stm32g4xx_hal_exti.o
HAL_EXTI_IRQHandler                               build/stm32g4xx_hal_exti.o
HAL_EXTI_RegisterCallback                         build/stm32g4xx_hal_exti.o
HAL_EXTI_SetConfigLine                            build/stm32g4xx_hal_exti.o
HAL_FLASHEx_DisableDebugger                       build/stm32g4xx_hal_flash_ex.o
HAL_FLASHEx_DisableRunPowerDown                   build/stm32g4xx_hal_flash_ramfunc.o
HAL_FLASHEx_EnableDebugger                        build/stm32g4xx_hal_flash_ex.o
HAL_FLASHEx_EnableRunPowerDown                    build/stm32g4xx_hal_flash_ramfunc.o
HAL_FLASHEx_EnableSecMemProtection                build/stm32g4xx_hal_flash_ex.o
HAL_FLASHEx_Erase                                 build/stm32g4xx_hal_flash_ex.o
HAL_FLASHEx_Erase_IT                              build/stm32g4xx_hal_flash_ex.o
HAL_FLASHEx_OBGetConfig                           build/stm32g4xx_hal_flash_ex.o
HAL_FLASHEx_OBProgram                             build/stm32g4xx_hal_flash_ex.o
HAL_FLASH_EndOfOperationCallback                  build/stm32g4xx_hal_flash.o
HAL_FLASH_GetError                                build/stm32g4xx_hal_flash.o
HAL_FLASH_IRQHandler                              build/stm32g4xx_hal_flash.o
HAL_FLASH_Lock                                    build/stm32g4xx_hal_flash.o
HAL_FLASH_OB_Launch                               build/stm32g4xx_hal_flash.o
HAL_FLASH_OB_Lock                                 build/stm32g4xx_hal_flash.o
HAL_FLASH_OB_Unlock                               build/stm32g4xx_hal_flash.o
HAL_FLASH_OperationErrorCallback                  build/stm32g4xx_hal_flash.o
HAL_FLASH_Program                                 build/stm32g4xx_hal_flash.o
HAL_FLASH_Program_IT                              build/stm32g4xx_hal_flash.o
HAL_FLASH_Unlock                                  build/stm32g4xx_hal_flash.o
HAL_GPIO_DeInit                                   build/stm32g4xx_hal_gpio.o
                                                  build/usart.o
HAL_GPIO_EXTI_Callback                            build/stm32g4xx_hal_gpio.o
HAL_GPIO_EXTI_IRQHandler                          build/stm32g4xx_hal_gpio.o
                                                  build/stm32g4xx_it.o
HAL_GPIO_Init                                     build/stm32g4xx_hal_gpio.o
                                                  build/stm32g4xx_hal_rcc_ex.o
                                                  build/stm32g4xx_hal_rcc.o
                                                  build/usart.o
                                                  build/gpio.o
HAL_GPIO_LockPin                                  build/stm32g4xx_hal_gpio.o
HAL_GPIO_ReadPin                                  build/stm32g4xx_hal_gpio.o
HAL_GPIO_TogglePin                                build/stm32g4xx_hal_gpio.o
HAL_GPIO_WritePin                                 build/stm32g4xx_hal_gpio.o
                                                  build/gpio.o
HAL_GetDEVID                                      build/stm32g4xx_hal.o
HAL_GetHalVersion                                 build/stm32g4xx_hal.o
HAL_GetREVID                                      build/stm32g4xx_hal.o
HAL_GetTick                                       build/stm32g4xx_hal.o
                                                  build/stm32g4xx_hal_uart_ex.o
                                                  build/stm32g4xx_hal_uart.o
                                                  build/stm32g4xx_hal_dma.o
                                                  build/stm32g4xx_hal_flash.o
                                                  build/stm32g4xx_hal_rcc_ex.o
                                                  build/stm32g4xx_hal_rcc.o
                                                  build/stm32g4xx_hal_tim_ex.o
HAL_GetTickFreq                                   build/stm32g4xx_hal.o
HAL_GetTickPrio                                   build/stm32g4xx_hal.o
HAL_HalfDuplex_EnableReceiver                     build/stm32g4xx_hal_uart.o
HAL_HalfDuplex_EnableTransmitter                  build/stm32g4xx_hal_uart.o
HAL_HalfDuplex_Init                               build/stm32g4xx_hal_uart.o
HAL_IncTick                                       build/stm32g4xx_hal.o
                                                  build/stm32g4xx_it.o
HAL_Init                                          build/stm32g4xx_hal.o
                                                  build/main.o
HAL_InitTick                                      build/stm32g4xx_hal.o
                                                  build/stm32g4xx_hal_rcc.o
HAL_LIN_Init                                      build/stm32g4xx_hal_uart.o
HAL_LIN_SendBreak                                 build/stm32g4xx_hal_uart.o
HAL_MPU_ConfigRegion                              build/stm32g4xx_hal_cortex.o
HAL_MPU_Disable                                   build/stm32g4xx_hal_cortex.o
HAL_MPU_Enable                                    build/stm32g4xx_hal_cortex.o
HAL_MspDeInit                                     build/stm32g4xx_hal.o
HAL_MspInit                                       build/stm32g4xx_hal_msp.o
HAL_MultiProcessorEx_AddressLength_Set            build/stm32g4xx_hal_uart_ex.o
HAL_MultiProcessor_DisableMuteMode                build/stm32g4xx_hal_uart.o
HAL_MultiProcessor_EnableMuteMode                 build/stm32g4xx_hal_uart.o
HAL_MultiProcessor_EnterMuteMode                  build/stm32g4xx_hal_uart.o
HAL_MultiProcessor_Init                           build/stm32g4xx_hal_uart.o
HAL_NVIC_ClearPendingIRQ                          build/stm32g4xx_hal_cortex.o
HAL_NVIC_DisableIRQ                               build/stm32g4xx_hal_cortex.o
                                                  build/usart.o
HAL_NVIC_EnableIRQ                                build/stm32g4xx_hal_cortex.o
                                                  build/usart.o
                                                  build/dma.o
                                                  build/gpio.o
HAL_NVIC_GetActive                                build/stm32g4xx_hal_cortex.o
HAL_NVIC_GetPendingIRQ                            build/stm32g4xx_hal_cortex.o
HAL_NVIC_GetPriority                              build/stm32g4xx_hal_cortex.o
HAL_NVIC_GetPriorityGrouping                      build/stm32g4xx_hal_cortex.o
HAL_NVIC_SetPendingIRQ                            build/stm32g4xx_hal_cortex.o
HAL_NVIC_SetPriority                              build/stm32g4xx_hal_cortex.o
                                                  build/stm32g4xx_hal.o
                                                  build/usart.o
                                                  build/dma.o
                                                  build/gpio.o
HAL_NVIC_SetPriorityGrouping                      build/stm32g4xx_hal_cortex.o
                                                  build/stm32g4xx_hal.o
HAL_NVIC_SystemReset                              build/stm32g4xx_hal_cortex.o
HAL_PWREx_ConfigPVM                               build/stm32g4xx_hal_pwr_ex.o
HAL_PWREx_ControlVoltageScaling                   build/stm32g4xx_hal_pwr_ex.o
                                                  build/main.o
HAL_PWREx_DisableBatteryCharging                  build/stm32g4xx_hal_pwr_ex.o
HAL_PWREx_DisableGPIOPullDown                     build/stm32g4xx_hal_pwr_ex.o
HAL_PWREx_DisableGPIOPullUp                       build/stm32g4xx_hal_pwr_ex.o
HAL_PWREx_DisableInternalWakeUpLine               build/stm32g4xx_hal_pwr_ex.o
HAL_PWREx_DisableLowPowerRunMode                  build/stm32g4xx_hal_pwr_ex.o
                                                  build/stm32g4xx_hal_pwr.o
HAL_PWREx_DisablePVM1                             build/stm32g4xx_hal_pwr_ex.o
HAL_PWREx_DisablePVM2                             build/stm32g4xx_hal_pwr_ex.o
HAL_PWREx_DisablePVM3                             build/stm32g4xx_hal_pwr_ex.o
HAL_PWREx_DisablePVM4                             build/stm32g4xx_hal_pwr_ex.o
HAL_PWREx_DisablePullUpPullDownConfig             build/stm32g4xx_hal_pwr_ex.o
HAL_PWREx_DisableSRAM2ContentRetention            build/stm32g4xx_hal_pwr_ex.o
HAL_PWREx_DisableUCPDDeadBattery                  build/stm32g4xx_hal_pwr_ex.o
                                                  build/stm32g4xx_hal_msp.o
HAL_PWREx_DisableUCPDStandbyMode                  build/stm32g4xx_hal_pwr_ex.o
HAL_PWREx_EnableBatteryCharging                   build/stm32g4xx_hal_pwr_ex.o
HAL_PWREx_EnableGPIOPullDown                      build/stm32g4xx_hal_pwr_ex.o
HAL_PWREx_EnableGPIOPullUp                        build/stm32g4xx_hal_pwr_ex.o
HAL_PWREx_EnableInternalWakeUpLine                build/stm32g4xx_hal_pwr_ex.o
HAL_PWREx_EnableLowPowerRunMode                   build/stm32g4xx_hal_pwr_ex.o
                                                  build/stm32g4xx_hal_pwr.o
HAL_PWREx_EnablePVM1                              build/stm32g4xx_hal_pwr_ex.o
HAL_PWREx_EnablePVM2                              build/stm32g4xx_hal_pwr_ex.o
HAL_PWREx_EnablePVM3                              build/stm32g4xx_hal_pwr_ex.o
HAL_PWREx_EnablePVM4                              build/stm32g4xx_hal_pwr_ex.o
HAL_PWREx_EnablePullUpPullDownConfig              build/stm32g4xx_hal_pwr_ex.o
HAL_PWREx_EnableSRAM2ContentRetention             build/stm32g4xx_hal_pwr_ex.o
HAL_PWREx_EnableUCPDDeadBattery                   build/stm32g4xx_hal_pwr_ex.o
HAL_PWREx_EnableUCPDStandbyMode                   build/stm32g4xx_hal_pwr_ex.o
HAL_PWREx_EnterSHUTDOWNMode                       build/stm32g4xx_hal_pwr_ex.o
HAL_PWREx_EnterSTOP0Mode                          build/stm32g4xx_hal_pwr_ex.o
                                                  build/stm32g4xx_hal_pwr.o
HAL_PWREx_EnterSTOP1Mode                          build/stm32g4xx_hal_pwr_ex.o
                                                  build/stm32g4xx_hal_pwr.o
HAL_PWREx_GetVoltageRange                         build/stm32g4xx_hal_pwr_ex.o
HAL_PWREx_PVD_PVM_IRQHandler                      build/stm32g4xx_hal_pwr_ex.o
HAL_PWREx_PVM1Callback                            build/stm32g4xx_hal_pwr_ex.o
HAL_PWREx_PVM2Callback                            build/stm32g4xx_hal_pwr_ex.o
HAL_PWREx_PVM3Callback                            build/stm32g4xx_hal_pwr_ex.o
HAL_PWREx_PVM4Callback                            build/stm32g4xx_hal_pwr_ex.o
HAL_PWR_ConfigPVD                                 build/stm32g4xx_hal_pwr.o
HAL_PWR_DeInit                                    build/stm32g4xx_hal_pwr.o
HAL_PWR_DisableBkUpAccess                         build/stm32g4xx_hal_pwr.o
                                                  build/stm32g4xx_hal_rcc_ex.o
HAL_PWR_DisablePVD                                build/stm32g4xx_hal_pwr.o
HAL_PWR_DisableSEVOnPend                          build/stm32g4xx_hal_pwr.o
HAL_PWR_DisableSleepOnExit                        build/stm32g4xx_hal_pwr.o
HAL_PWR_DisableWakeUpPin                          build/stm32g4xx_hal_pwr.o
HAL_PWR_EnableBkUpAccess                          build/stm32g4xx_hal_pwr.o
                                                  build/stm32g4xx_hal_rcc_ex.o
HAL_PWR_EnablePVD                                 build/stm32g4xx_hal_pwr.o
HAL_PWR_EnableSEVOnPend                           build/stm32g4xx_hal_pwr.o
HAL_PWR_EnableSleepOnExit                         build/stm32g4xx_hal_pwr.o
HAL_PWR_EnableWakeUpPin                           build/stm32g4xx_hal_pwr.o
HAL_PWR_EnterSLEEPMode                            build/stm32g4xx_hal_pwr.o
HAL_PWR_EnterSTANDBYMode                          build/stm32g4xx_hal_pwr.o
HAL_PWR_EnterSTOPMode                             build/stm32g4xx_hal_pwr.o
HAL_PWR_PVDCallback                               build/stm32g4xx_hal_pwr.o
                                                  build/stm32g4xx_hal_pwr_ex.o
HAL_RCCEx_CRSConfig                               build/stm32g4xx_hal_rcc_ex.o
HAL_RCCEx_CRSGetSynchronizationInfo               build/stm32g4xx_hal_rcc_ex.o
HAL_RCCEx_CRSSoftwareSynchronizationGenerate      build/stm32g4xx_hal_rcc_ex.o
HAL_RCCEx_CRSWaitSynchronization                  build/stm32g4xx_hal_rcc_ex.o